######## MAIN PASS: float32, K_h in {1,2,4,8,14} ########
ckpt=/home/apg59/rds/hpc-work/EnergyMatchingEqProp/results_cifar10_pcn/in_paper/in_paper_velocity_correspondence_gamma_grid/../in_paper_fid_calculation_train_backprop_infer_pcn/checkpoint_warmup_145000.pt (ema_model) step=145000  B=128 x 4 batches  clamp=None
/rds/user/apg59/hpc-work/EnergyMatchingEqProp/.venv/lib/python3.14/site-packages/torchvision/datasets/cifar.py:83: VisibleDeprecationWarning: dtype(): align should be passed as Python or NumPy boolean but got `align=0`. Did you mean to pass a tuple to create a subarray type? (Deprecated NumPy 2.4)
  entry = pickle.load(f, encoding="latin1")

  dtype    K_h    gamma |      v_cos norm_ratio rel_L2_err |       ps_cos     ps_ratio ps_rel_rms ps_par_rms ps_perp_rms |    nw_rel    nw_par    nw_perp
-------------------------------------------------------------------------------------------------------------------------------------------------------------
float32      1   0.0001 |  1.000000060  0.999999911    4.163e-07 |  1.000000000  0.999999965  4.425e-07  1.430e-07   4.188e-07 | 4.162e-07 1.372e-07  3.930e-07
float32      1   0.0003 |  1.000000030  1.000000000    4.087e-07 |  1.000000000  1.000000020  4.360e-07  1.369e-07   4.140e-07 | 4.088e-07 1.312e-07  3.871e-07
float32      1    0.001 |  1.000000030  1.000000000    4.296e-07 |  1.000000000  0.999999999  4.704e-07  1.713e-07   4.380e-07 | 4.301e-07 1.574e-07  4.003e-07
float32      1    0.003 |  0.999999985  0.999999866    5.534e-07 |  1.000000000  0.999999878  6.436e-07  2.880e-07   5.756e-07 | 5.561e-07 2.488e-07  4.974e-07
float32      1     0.01 |  0.999999985  0.999999493    1.402e-06 |  1.000000000  0.999999444  1.728e-06  9.752e-07   1.426e-06 | 1.423e-06 8.101e-07  1.170e-06
float32      1     0.03 |  1.000000015  0.999998540    3.988e-06 |  1.000000000  0.999998401  4.931e-06  2.827e-06   4.040e-06 | 4.056e-06 2.351e-06  3.305e-06
float32      1      0.1 |  1.000000045  0.999995321    1.319e-05 |  1.000000000  0.999994839  1.632e-05  9.320e-06   1.340e-05 | 1.341e-05 7.721e-06  1.097e-05
float32      1      0.3 |  0.999999955  0.999986038    3.955e-05 |  0.999999999  0.999984490  4.895e-05  2.794e-05   4.019e-05 | 4.024e-05 2.314e-05  3.292e-05
float32      1      1.0 |  1.000000000  0.999953121    1.320e-04 |  0.999999991  0.999948114  1.635e-04  9.343e-05   1.341e-04 | 1.343e-04 7.740e-05  1.098e-04
float32      2   0.0001 |  1.000000030  0.999999940    4.163e-07 |  1.000000000  0.999999964  4.424e-07  1.426e-07   4.188e-07 | 4.163e-07 1.369e-07  3.932e-07
float32      2   0.0003 |  1.000000030  1.000000000    4.090e-07 |  1.000000000  1.000000020  4.363e-07  1.373e-07   4.142e-07 | 4.090e-07 1.316e-07  3.873e-07
float32      2    0.001 |  1.000000000  1.000000000    4.314e-07 |  1.000000000  0.999999998  4.736e-07  1.742e-07   4.404e-07 | 4.320e-07 1.596e-07  4.014e-07
float32      2    0.003 |  0.999999970  0.999999881    5.575e-07 |  1.000000000  0.999999878  6.506e-07  3.024e-07   5.760e-07 | 5.611e-07 2.600e-07  4.972e-07
float32      2     0.01 |  0.999999970  0.999999493    1.391e-06 |  1.000000000  0.999999442  1.709e-06  9.628e-07   1.412e-06 | 1.412e-06 8.050e-07  1.161e-06
float32      2     0.03 |  0.999999970  0.999998540    3.987e-06 |  1.000000000  0.999998397  4.925e-06  2.825e-06   4.034e-06 | 4.055e-06 2.351e-06  3.303e-06
float32      2      0.1 |  1.000000045  0.999995351    1.319e-05 |  1.000000000  0.999994832  1.632e-05  9.327e-06   1.339e-05 | 1.341e-05 7.730e-06  1.096e-05
float32      2      0.3 |  1.000000015  0.999985993    3.953e-05 |  0.999999999  0.999984487  4.892e-05  2.793e-05   4.017e-05 | 4.022e-05 2.314e-05  3.290e-05
float32      2      1.0 |  0.999999985  0.999953166    1.319e-04 |  0.999999991  0.999948158  1.632e-04  9.330e-05   1.339e-04 | 1.342e-04 7.732e-05  1.097e-04
float32      4   0.0001 |  1.000000045  0.999999911    4.162e-07 |  1.000000000  0.999999964  4.423e-07  1.427e-07   4.186e-07 | 4.162e-07 1.370e-07  3.930e-07
float32      4   0.0003 |  1.000000030  1.000000000    4.091e-07 |  1.000000000  1.000000020  4.365e-07  1.375e-07   4.142e-07 | 4.092e-07 1.317e-07  3.874e-07
float32      4    0.001 |  1.000000000  1.000000000    4.309e-07 |  1.000000000  0.999999998  4.732e-07  1.737e-07   4.401e-07 | 4.314e-07 1.590e-07  4.011e-07
float32      4    0.003 |  0.999999955  0.999999881    5.559e-07 |  1.000000000  0.999999876  6.498e-07  3.029e-07   5.749e-07 | 5.594e-07 2.596e-07  4.955e-07
float32      4     0.01 |  1.000000015  0.999999478    1.397e-06 |  1.000000000  0.999999438  1.712e-06  9.725e-07   1.409e-06 | 1.419e-06 8.140e-07  1.163e-06
float32      4     0.03 |  1.000000000  0.999998540    3.977e-06 |  1.000000000  0.999998402  4.915e-06  2.806e-06   4.035e-06 | 4.045e-06 2.338e-06  3.302e-06
float32      4      0.1 |  1.000000015  0.999995351    1.319e-05 |  1.000000000  0.999994838  1.632e-05  9.321e-06   1.339e-05 | 1.341e-05 7.723e-06  1.097e-05
float32      4      0.3 |  0.999999985  0.999986008    3.954e-05 |  0.999999999  0.999984480  4.892e-05  2.793e-05   4.017e-05 | 4.023e-05 2.314e-05  3.291e-05
float32      4      1.0 |  1.000000000  0.999953166    1.319e-04 |  0.999999991  0.999948161  1.632e-04  9.330e-05   1.339e-04 | 1.342e-04 7.732e-05  1.097e-04
float32      8   0.0001 |  1.000000060  0.999999911    4.162e-07 |  1.000000000  0.999999964  4.423e-07  1.426e-07   4.187e-07 | 4.162e-07 1.369e-07  3.931e-07
float32      8   0.0003 |  1.000000030  1.000000000    4.092e-07 |  1.000000000  1.000000020  4.366e-07  1.372e-07   4.144e-07 | 4.093e-07 1.315e-07  3.875e-07
float32      8    0.001 |  1.000000000  1.000000000    4.311e-07 |  1.000000000  0.999999998  4.732e-07  1.737e-07   4.402e-07 | 4.316e-07 1.591e-07  4.012e-07
float32      8    0.003 |  0.999999970  0.999999881    5.538e-07 |  1.000000000  0.999999876  6.462e-07  2.996e-07   5.726e-07 | 5.568e-07 2.569e-07  4.940e-07
float32      8     0.01 |  0.999999970  0.999999493    1.394e-06 |  1.000000000  0.999999435  1.708e-06  9.717e-07   1.405e-06 | 1.416e-06 8.126e-07  1.160e-06
float32      8     0.03 |  1.000000000  0.999998540    3.981e-06 |  1.000000000  0.999998405  4.920e-06  2.815e-06   4.035e-06 | 4.050e-06 2.343e-06  3.303e-06
float32      8      0.1 |  1.000000045  0.999995351    1.319e-05 |  1.000000000  0.999994840  1.632e-05  9.314e-06   1.340e-05 | 1.341e-05 7.718e-06  1.097e-05
float32      8      0.3 |  1.000000015  0.999985963    3.954e-05 |  0.999999999  0.999984478  4.893e-05  2.794e-05   4.017e-05 | 4.023e-05 2.315e-05  3.290e-05
float32      8      1.0 |  0.999999985  0.999953166    1.319e-04 |  0.999999991  0.999948155  1.632e-04  9.330e-05   1.339e-04 | 1.342e-04 7.732e-05  1.097e-04
float32     14   0.0001 |  1.000000060  0.999999911    4.164e-07 |  1.000000000  0.999999964  4.425e-07  1.427e-07   4.189e-07 | 4.163e-07 1.370e-07  3.932e-07
float32     14   0.0003 |  1.000000030  1.000000000    4.091e-07 |  1.000000000  1.000000020  4.365e-07  1.374e-07   4.143e-07 | 4.092e-07 1.316e-07  3.874e-07
float32     14    0.001 |  1.000000000  1.000000000    4.324e-07 |  1.000000000  0.999999998  4.749e-07  1.755e-07   4.413e-07 | 4.330e-07 1.606e-07  4.021e-07
float32     14    0.003 |  0.999999970  0.999999866    5.566e-07 |  1.000000000  0.999999873  6.492e-07  3.030e-07   5.742e-07 | 5.595e-07 2.600e-07  4.954e-07
float32     14     0.01 |  1.000000000  0.999999478    1.391e-06 |  1.000000000  0.999999440  1.706e-06  9.686e-07   1.404e-06 | 1.413e-06 8.095e-07  1.158e-06
float32     14     0.03 |  1.000000000  0.999998540    3.979e-06 |  1.000000000  0.999998403  4.912e-06  2.815e-06   4.025e-06 | 4.048e-06 2.347e-06  3.299e-06
float32     14      0.1 |  1.000000045  0.999995351    1.319e-05 |  1.000000000  0.999994830  1.632e-05  9.327e-06   1.339e-05 | 1.342e-05 7.731e-06  1.097e-05
float32     14      0.3 |  1.000000000  0.999985993    3.954e-05 |  0.999999999  0.999984484  4.893e-05  2.793e-05   4.017e-05 | 4.023e-05 2.314e-05  3.290e-05
float32     14      1.0 |  1.000000015  0.999953166    1.319e-04 |  0.999999991  0.999948160  1.632e-04  9.330e-05   1.339e-04 | 1.342e-04 7.732e-05  1.097e-04

Read: cos -> 1 and ratio -> 1 as gamma -> 0 is the O(gamma) correspondence;
degradation at the SMALLEST gammas in float32 (absent in float64) is the
precision floor. K_h rows show the relaxation-budget dependence
(K_h = sweeps actually taken at inference; production FID runs used K_h=1).
######## FLOAT64 PASS (gamma floor), 512 interpolants, chunk 32 ########
ckpt=/home/apg59/rds/hpc-work/EnergyMatchingEqProp/results_cifar10_pcn/in_paper/in_paper_velocity_correspondence_gamma_grid/../in_paper_fid_calculation_train_backprop_infer_pcn/checkpoint_warmup_145000.pt (ema_model) step=145000  B=128 x 4 batches  clamp=None
/rds/user/apg59/hpc-work/EnergyMatchingEqProp/.venv/lib/python3.14/site-packages/torchvision/datasets/cifar.py:83: VisibleDeprecationWarning: dtype(): align should be passed as Python or NumPy boolean but got `align=0`. Did you mean to pass a tuple to create a subarray type? (Deprecated NumPy 2.4)
  entry = pickle.load(f, encoding="latin1")

  dtype    K_h    gamma |      v_cos norm_ratio rel_L2_err |       ps_cos     ps_ratio ps_rel_rms ps_par_rms ps_perp_rms |    nw_rel    nw_par    nw_perp
-------------------------------------------------------------------------------------------------------------------------------------------------------------
float32      1   0.0001 |  0.999999985  0.999999911    4.074e-07 |  1.000000000  0.999999958  4.324e-07  1.391e-07   4.094e-07 | 4.076e-07 1.326e-07  3.854e-07
float32      1   0.0003 |  1.000000030  1.000000000    4.027e-07 |  1.000000000  1.000000029  4.386e-07  1.359e-07   4.170e-07 | 4.030e-07 1.274e-07  3.823e-07
float32      1    0.001 |  0.999999985  1.000000000    4.162e-07 |  1.000000000  0.999999994  4.577e-07  1.546e-07   4.308e-07 | 4.169e-07 1.397e-07  3.928e-07
float32      1    0.003 |  1.000000000  0.999999851    5.493e-07 |  1.000000000  0.999999884  6.468e-07  2.896e-07   5.783e-07 | 5.512e-07 2.367e-07  4.978e-07
float32      1     0.01 |  0.999999985  0.999999478    1.388e-06 |  1.000000000  0.999999444  1.712e-06  9.604e-07   1.418e-06 | 1.408e-06 7.962e-07  1.162e-06
float32      1     0.03 |  0.999999970  0.999998540    3.985e-06 |  1.000000000  0.999998402  4.934e-06  2.819e-06   4.049e-06 | 4.051e-06 2.336e-06  3.310e-06
float32      1      0.1 |  1.000000015  0.999995336    1.317e-05 |  1.000000000  0.999994844  1.630e-05  9.295e-06   1.339e-05 | 1.340e-05 7.700e-06  1.096e-05
float32      1      0.3 |  0.999999985  0.999985963    3.954e-05 |  0.999999999  0.999984488  4.896e-05  2.794e-05   4.020e-05 | 4.023e-05 2.313e-05  3.291e-05
float32      1      1.0 |  0.999999985  0.999953136    1.320e-04 |  0.999999991  0.999948117  1.635e-04  9.342e-05   1.341e-04 | 1.343e-04 7.738e-05  1.098e-04
float64      1   0.0001 |  1.000000000  0.999999995    1.684e-08 |  1.000000000  0.999999995  1.951e-08  9.351e-09   1.713e-08 | 1.695e-08 7.743e-09  1.507e-08
float64      1   0.0003 |  1.000000000  0.999999986    4.102e-08 |  1.000000000  0.999999984  5.015e-08  2.795e-08   4.163e-08 | 4.160e-08 2.319e-08  3.453e-08
float64      1    0.001 |  1.000000000  0.999999953    1.325e-07 |  1.000000000  0.999999948  1.638e-07  9.327e-08   1.346e-07 | 1.347e-07 7.725e-08  1.104e-07
float64      1    0.003 |  1.000000000  0.999999860    3.958e-07 |  1.000000000  0.999999845  4.898e-07  2.796e-07   4.022e-07 | 4.026e-07 2.317e-07  3.293e-07
float64      1     0.01 |  1.000000000  0.999999532    1.319e-06 |  1.000000000  0.999999482  1.632e-06  9.319e-07   1.340e-06 | 1.342e-06 7.720e-07  1.097e-06
float64      1     0.03 |  1.000000000  0.999998597    3.957e-06 |  1.000000000  0.999998446  4.897e-06  2.796e-06   4.020e-06 | 4.025e-06 2.316e-06  3.292e-06
float64      1      0.1 |  1.000000000  0.999995324    1.319e-05 |  1.000000000  0.999994821  1.632e-05  9.322e-06   1.340e-05 | 1.342e-05 7.722e-06  1.097e-05
float64      1      0.3 |  0.999999999  0.999985965    3.958e-05 |  0.999999999  0.999984456  4.899e-05  2.798e-05   4.021e-05 | 4.027e-05 2.318e-05  3.292e-05
float64      1      1.0 |  0.999999992  0.999953144    1.320e-04 |  0.999999991  0.999948107  1.635e-04  9.344e-05   1.341e-04 | 1.343e-04 7.741e-05  1.098e-04

Read: cos -> 1 and ratio -> 1 as gamma -> 0 is the O(gamma) correspondence;
degradation at the SMALLEST gammas in float32 (absent in float64) is the
precision floor. K_h rows show the relaxation-budget dependence
(K_h = sweeps actually taken at inference; production FID runs used K_h=1).
######## TF32 PASS (the hardware floor our runs actually used) ########
ckpt=/home/apg59/rds/hpc-work/EnergyMatchingEqProp/results_cifar10_pcn/in_paper/in_paper_velocity_correspondence_gamma_grid/../in_paper_fid_calculation_train_backprop_infer_pcn/checkpoint_warmup_145000.pt (ema_model) step=145000  B=128 x 4 batches  clamp=None
/rds/user/apg59/hpc-work/EnergyMatchingEqProp/.venv/lib/python3.14/site-packages/torchvision/datasets/cifar.py:83: VisibleDeprecationWarning: dtype(): align should be passed as Python or NumPy boolean but got `align=0`. Did you mean to pass a tuple to create a subarray type? (Deprecated NumPy 2.4)
  entry = pickle.load(f, encoding="latin1")

  dtype    K_h    gamma |      v_cos norm_ratio rel_L2_err |       ps_cos     ps_ratio ps_rel_rms ps_par_rms ps_perp_rms |    nw_rel    nw_par    nw_perp
-------------------------------------------------------------------------------------------------------------------------------------------------------------
float32      1   0.0001 |  0.999999985  1.000000373    1.998e-04 |  0.999999978  1.000000343  2.082e-04  7.993e-06   2.080e-04 | 1.999e-04 7.795e-06  1.997e-04
float32      1   0.0003 |  0.999999970  1.000000343    2.013e-04 |  0.999999978  1.000000347  2.095e-04  9.197e-06   2.093e-04 | 2.014e-04 8.990e-06  2.011e-04
float32      1    0.001 |  1.000000089  1.000000477    2.021e-04 |  0.999999978  1.000000403  2.101e-04  9.301e-06   2.099e-04 | 2.022e-04 9.152e-06  2.020e-04
float32      1    0.003 |  1.000000045  1.000002414    2.033e-04 |  0.999999978  1.000002134  2.115e-04  1.469e-05   2.110e-04 | 2.034e-04 1.468e-05  2.029e-04
float32      1     0.01 |  1.000000089  1.000015378    2.068e-04 |  0.999999978  1.000014589  2.151e-04  4.163e-05   2.110e-04 | 2.069e-04 4.271e-05  2.025e-04
float32      1     0.03 |  1.000000000  1.000020355    2.072e-04 |  0.999999978  1.000019170  2.157e-04  4.382e-05   2.112e-04 | 2.073e-04 4.491e-05  2.024e-04
float32      1      0.1 |  0.999999985  1.000104874    2.335e-04 |  0.999999978  1.000105105  2.419e-04  1.212e-04   2.093e-04 | 2.336e-04 1.204e-04  2.001e-04
float32      1      0.3 |  0.999999985  1.000035405    2.039e-04 |  0.999999978  1.000035032  2.151e-04  4.690e-05   2.099e-04 | 2.040e-04 4.628e-05  1.987e-04
float32      1      1.0 |  0.999999955  0.999967977    2.245e-04 |  0.999999972  0.999963227  2.523e-04  8.431e-05   2.378e-04 | 2.252e-04 6.849e-05  2.145e-04

Read: cos -> 1 and ratio -> 1 as gamma -> 0 is the O(gamma) correspondence;
degradation at the SMALLEST gammas in float32 (absent in float64) is the
precision floor. K_h rows show the relaxation-budget dependence
(K_h = sweeps actually taken at inference; production FID runs used K_h=1).
