######## CIFAR-10 unclamped fp32, K_h=1, DIAG_SEED=1 ########
ckpt=/home/apg59/rds/hpc-work/EnergyMatchingEqProp/results_cifar10_pcn/in_paper/in_paper_velocity_correspondence_gamma_grid/../in_paper_fid_calculation_train_backprop_infer_pcn/checkpoint_warmup_145000.pt (ema_model) step=145000  B=128 x 4 batches  clamp=None  seed=1
/rds/user/apg59/hpc-work/EnergyMatchingEqProp/.venv/lib/python3.14/site-packages/torchvision/datasets/cifar.py:83: VisibleDeprecationWarning: dtype(): align should be passed as Python or NumPy boolean but got `align=0`. Did you mean to pass a tuple to create a subarray type? (Deprecated NumPy 2.4)
  entry = pickle.load(f, encoding="latin1")

  dtype    K_h    gamma |      v_cos norm_ratio rel_L2_err |       ps_cos     ps_ratio ps_rel_rms ps_par_rms ps_perp_rms |    nw_rel    nw_par    nw_perp
-------------------------------------------------------------------------------------------------------------------------------------------------------------
float32      1   0.0001 |  1.000000015  0.999999940    4.464e-07 |  1.000000000  0.999999967  4.671e-07  1.540e-07   4.410e-07 | 4.468e-07 1.468e-07  4.220e-07
float32      1   0.0003 |  1.000000015  1.000000000    4.531e-07 |  1.000000000  1.000000022  4.765e-07  1.672e-07   4.462e-07 | 4.538e-07 1.579e-07  4.255e-07
float32      1    0.001 |  1.000000015  1.000000000    4.794e-07 |  1.000000000  0.999999988  5.043e-07  1.677e-07   4.756e-07 | 4.819e-07 1.574e-07  4.555e-07
float32      1    0.003 |  1.000000015  0.999999851    7.231e-07 |  1.000000000  0.999999876  7.903e-07  3.094e-07   7.272e-07 | 7.435e-07 2.659e-07  6.943e-07
float32      1     0.01 |  1.000000015  0.999999434    1.930e-06 |  1.000000000  0.999999425  2.144e-06  9.455e-07   1.924e-06 | 2.032e-06 8.144e-07  1.861e-06
float32      1     0.03 |  0.999999955  0.999998480    5.660e-06 |  1.000000000  0.999998346  6.282e-06  2.806e-06   5.621e-06 | 5.970e-06 2.412e-06  5.462e-06
float32      1      0.1 |  1.000000030  0.999995053    1.878e-05 |  1.000000000  0.999994675  2.083e-05  9.158e-06   1.871e-05 | 1.982e-05 7.876e-06  1.819e-05
float32      1      0.3 |  1.000000000  0.999985263    5.640e-05 |  0.999999998  0.999984043  6.253e-05  2.743e-05   5.620e-05 | 5.955e-05 2.360e-05  5.468e-05
float32      1      1.0 |  1.000000000  0.999950781    1.887e-04 |  0.999999982  0.999946625  2.092e-04  9.176e-05   1.881e-04 | 1.994e-04 7.895e-05  1.831e-04

Read: cos -> 1 and ratio -> 1 as gamma -> 0 is the O(gamma) correspondence;
degradation at the SMALLEST gammas in float32 (absent in float64) is the
precision floor. K_h rows show the relaxation-budget dependence
(K_h = sweeps actually taken at inference; production FID runs used K_h=1).
######## CIFAR-10 unclamped fp32, K_h=1, DIAG_SEED=2 ########
ckpt=/home/apg59/rds/hpc-work/EnergyMatchingEqProp/results_cifar10_pcn/in_paper/in_paper_velocity_correspondence_gamma_grid/../in_paper_fid_calculation_train_backprop_infer_pcn/checkpoint_warmup_145000.pt (ema_model) step=145000  B=128 x 4 batches  clamp=None  seed=2
/rds/user/apg59/hpc-work/EnergyMatchingEqProp/.venv/lib/python3.14/site-packages/torchvision/datasets/cifar.py:83: VisibleDeprecationWarning: dtype(): align should be passed as Python or NumPy boolean but got `align=0`. Did you mean to pass a tuple to create a subarray type? (Deprecated NumPy 2.4)
  entry = pickle.load(f, encoding="latin1")

  dtype    K_h    gamma |      v_cos norm_ratio rel_L2_err |       ps_cos     ps_ratio ps_rel_rms ps_par_rms ps_perp_rms |    nw_rel    nw_par    nw_perp
-------------------------------------------------------------------------------------------------------------------------------------------------------------
float32      1   0.0001 |  1.000000015  0.999999970    4.309e-07 |  1.000000000  0.999999955  4.851e-07  1.660e-07   4.558e-07 | 4.316e-07 1.563e-07  4.023e-07
float32      1   0.0003 |  0.999999955  1.000000060    4.203e-07 |  1.000000000  1.000000014  4.837e-07  1.573e-07   4.574e-07 | 4.212e-07 1.448e-07  3.955e-07
float32      1    0.001 |  0.999999970  1.000000030    4.204e-07 |  1.000000000  0.999999998  4.893e-07  1.596e-07   4.625e-07 | 4.211e-07 1.443e-07  3.956e-07
float32      1    0.003 |  1.000000060  0.999999866    5.568e-07 |  1.000000000  0.999999870  7.181e-07  3.502e-07   6.269e-07 | 5.603e-07 2.601e-07  4.963e-07
float32      1     0.01 |  1.000000045  0.999999493    1.365e-06 |  1.000000000  0.999999441  1.913e-06  1.113e-06   1.555e-06 | 1.377e-06 7.835e-07  1.132e-06
float32      1     0.03 |  1.000000015  0.999998599    3.918e-06 |  1.000000000  0.999998403  5.599e-06  3.291e-06   4.530e-06 | 3.961e-06 2.281e-06  3.238e-06
float32      1      0.1 |  1.000000000  0.999995500    1.299e-05 |  1.000000000  0.999994888  1.861e-05  1.092e-05   1.507e-05 | 1.314e-05 7.505e-06  1.078e-05
float32      1      0.3 |  0.999999970  0.999986470    3.903e-05 |  0.999999999  0.999984624  5.588e-05  3.277e-05   4.526e-05 | 3.946e-05 2.253e-05  3.239e-05
float32      1      1.0 |  1.000000030  0.999954641    1.302e-04 |  0.999999989  0.999948627  1.865e-04  1.094e-04   1.510e-04 | 1.316e-04 7.522e-05  1.080e-04

Read: cos -> 1 and ratio -> 1 as gamma -> 0 is the O(gamma) correspondence;
degradation at the SMALLEST gammas in float32 (absent in float64) is the
precision floor. K_h rows show the relaxation-budget dependence
(K_h = sweeps actually taken at inference; production FID runs used K_h=1).
######## CIFAR-10 unclamped fp32, K_h=1, DIAG_SEED=3 ########
ckpt=/home/apg59/rds/hpc-work/EnergyMatchingEqProp/results_cifar10_pcn/in_paper/in_paper_velocity_correspondence_gamma_grid/../in_paper_fid_calculation_train_backprop_infer_pcn/checkpoint_warmup_145000.pt (ema_model) step=145000  B=128 x 4 batches  clamp=None  seed=3
/rds/user/apg59/hpc-work/EnergyMatchingEqProp/.venv/lib/python3.14/site-packages/torchvision/datasets/cifar.py:83: VisibleDeprecationWarning: dtype(): align should be passed as Python or NumPy boolean but got `align=0`. Did you mean to pass a tuple to create a subarray type? (Deprecated NumPy 2.4)
  entry = pickle.load(f, encoding="latin1")

  dtype    K_h    gamma |      v_cos norm_ratio rel_L2_err |       ps_cos     ps_ratio ps_rel_rms ps_par_rms ps_perp_rms |    nw_rel    nw_par    nw_perp
-------------------------------------------------------------------------------------------------------------------------------------------------------------
float32      1   0.0001 |  0.999999985  0.999999911    4.297e-07 |  1.000000000  0.999999945  4.565e-07  1.778e-07   4.204e-07 | 4.305e-07 1.615e-07  3.991e-07
float32      1   0.0003 |  0.999999955  1.000000030    4.352e-07 |  1.000000000  1.000000006  4.698e-07  1.946e-07   4.276e-07 | 4.369e-07 1.708e-07  4.021e-07
float32      1    0.001 |  0.999999985  0.999999940    4.421e-07 |  1.000000000  0.999999970  4.827e-07  2.136e-07   4.329e-07 | 4.439e-07 1.829e-07  4.045e-07
float32      1    0.003 |  0.999999955  0.999999851    5.341e-07 |  1.000000000  0.999999878  5.902e-07  2.594e-07   5.301e-07 | 5.352e-07 2.330e-07  4.818e-07
float32      1     0.01 |  0.999999925  0.999999508    1.299e-06 |  1.000000000  0.999999485  1.467e-06  7.498e-07   1.261e-06 | 1.301e-06 6.909e-07  1.102e-06
float32      1     0.03 |  0.999999970  0.999998584    3.742e-06 |  1.000000000  0.999998523  4.233e-06  2.196e-06   3.618e-06 | 3.747e-06 2.024e-06  3.153e-06
float32      1      0.1 |  0.999999970  0.999995530    1.246e-05 |  1.000000000  0.999995257  1.409e-05  7.205e-06   1.211e-05 | 1.248e-05 6.658e-06  1.055e-05
float32      1      0.3 |  0.999999970  0.999986589    3.739e-05 |  0.999999999  0.999985770  4.229e-05  2.154e-05   3.639e-05 | 3.743e-05 1.992e-05  3.170e-05
float32      1      1.0 |  0.999999955  0.999955177    1.248e-04 |  0.999999993  0.999952427  1.411e-04  7.189e-05   1.214e-04 | 1.249e-04 6.652e-05  1.057e-04

Read: cos -> 1 and ratio -> 1 as gamma -> 0 is the O(gamma) correspondence;
degradation at the SMALLEST gammas in float32 (absent in float64) is the
precision floor. K_h rows show the relaxation-budget dependence
(K_h = sweeps actually taken at inference; production FID runs used K_h=1).
######## CIFAR-10 unclamped fp32, K_h=1, DIAG_SEED=4 ########
ckpt=/home/apg59/rds/hpc-work/EnergyMatchingEqProp/results_cifar10_pcn/in_paper/in_paper_velocity_correspondence_gamma_grid/../in_paper_fid_calculation_train_backprop_infer_pcn/checkpoint_warmup_145000.pt (ema_model) step=145000  B=128 x 4 batches  clamp=None  seed=4
/rds/user/apg59/hpc-work/EnergyMatchingEqProp/.venv/lib/python3.14/site-packages/torchvision/datasets/cifar.py:83: VisibleDeprecationWarning: dtype(): align should be passed as Python or NumPy boolean but got `align=0`. Did you mean to pass a tuple to create a subarray type? (Deprecated NumPy 2.4)
  entry = pickle.load(f, encoding="latin1")

  dtype    K_h    gamma |      v_cos norm_ratio rel_L2_err |       ps_cos     ps_ratio ps_rel_rms ps_par_rms ps_perp_rms |    nw_rel    nw_par    nw_perp
-------------------------------------------------------------------------------------------------------------------------------------------------------------
float32      1   0.0001 |  0.999999985  0.999999940    4.363e-07 |  1.000000000  0.999999952  4.686e-07  1.561e-07   4.419e-07 | 4.364e-07 1.457e-07  4.114e-07
float32      1   0.0003 |  1.000000015  1.000000000    4.440e-07 |  1.000000000  1.000000016  4.764e-07  1.606e-07   4.485e-07 | 4.442e-07 1.531e-07  4.169e-07
float32      1    0.001 |  1.000000000  1.000000000    4.511e-07 |  1.000000000  0.999999989  4.996e-07  1.766e-07   4.673e-07 | 4.512e-07 1.574e-07  4.229e-07
float32      1    0.003 |  1.000000000  0.999999866    5.796e-07 |  1.000000000  0.999999867  6.849e-07  3.066e-07   6.125e-07 | 5.807e-07 2.487e-07  5.247e-07
float32      1     0.01 |  1.000000060  0.999999464    1.462e-06 |  1.000000000  0.999999413  1.817e-06  9.869e-07   1.525e-06 | 1.466e-06 7.995e-07  1.229e-06
float32      1     0.03 |  1.000000030  0.999998435    4.187e-06 |  1.000000000  0.999998294  5.232e-06  2.874e-06   4.373e-06 | 4.202e-06 2.329e-06  3.498e-06
float32      1      0.1 |  1.000000000  0.999995008    1.387e-05 |  1.000000000  0.999994484  1.739e-05  9.526e-06   1.455e-05 | 1.392e-05 7.652e-06  1.163e-05
float32      1      0.3 |  1.000000015  0.999985084    4.160e-05 |  0.999999999  0.999983450  5.218e-05  2.851e-05   4.371e-05 | 4.177e-05 2.289e-05  3.494e-05
float32      1      1.0 |  1.000000030  0.999950171    1.388e-04 |  0.999999989  0.999944693  1.741e-04  9.521e-05   1.458e-04 | 1.393e-04 7.644e-05  1.165e-04

Read: cos -> 1 and ratio -> 1 as gamma -> 0 is the O(gamma) correspondence;
degradation at the SMALLEST gammas in float32 (absent in float64) is the
precision floor. K_h rows show the relaxation-budget dependence
(K_h = sweeps actually taken at inference; production FID runs used K_h=1).
######## CIFAR-10 unclamped fp32, K_h=1, DIAG_SEED=5 ########
ckpt=/home/apg59/rds/hpc-work/EnergyMatchingEqProp/results_cifar10_pcn/in_paper/in_paper_velocity_correspondence_gamma_grid/../in_paper_fid_calculation_train_backprop_infer_pcn/checkpoint_warmup_145000.pt (ema_model) step=145000  B=128 x 4 batches  clamp=None  seed=5
/rds/user/apg59/hpc-work/EnergyMatchingEqProp/.venv/lib/python3.14/site-packages/torchvision/datasets/cifar.py:83: VisibleDeprecationWarning: dtype(): align should be passed as Python or NumPy boolean but got `align=0`. Did you mean to pass a tuple to create a subarray type? (Deprecated NumPy 2.4)
  entry = pickle.load(f, encoding="latin1")

  dtype    K_h    gamma |      v_cos norm_ratio rel_L2_err |       ps_cos     ps_ratio ps_rel_rms ps_par_rms ps_perp_rms |    nw_rel    nw_par    nw_perp
-------------------------------------------------------------------------------------------------------------------------------------------------------------
float32      1   0.0001 |  1.000000045  0.999999940    4.308e-07 |  1.000000000  0.999999955  4.542e-07  1.773e-07   4.182e-07 | 4.309e-07 1.619e-07  3.993e-07
float32      1   0.0003 |  1.000000045  1.000000000    4.259e-07 |  1.000000000  1.000000015  4.490e-07  1.724e-07   4.146e-07 | 4.259e-07 1.573e-07  3.958e-07
float32      1    0.001 |  1.000000015  1.000000000    4.385e-07 |  1.000000000  0.999999997  4.683e-07  1.864e-07   4.296e-07 | 4.386e-07 1.685e-07  4.050e-07
float32      1    0.003 |  1.000000000  0.999999881    5.330e-07 |  1.000000000  0.999999893  5.699e-07  2.429e-07   5.155e-07 | 5.334e-07 2.301e-07  4.812e-07
float32      1     0.01 |  0.999999955  0.999999538    1.259e-06 |  1.000000000  0.999999495  1.360e-06  7.460e-07   1.137e-06 | 1.264e-06 7.019e-07  1.052e-06
float32      1     0.03 |  0.999999985  0.999998629    3.588e-06 |  1.000000000  0.999998536  3.894e-06  2.215e-06   3.203e-06 | 3.611e-06 2.062e-06  2.964e-06
float32      1      0.1 |  1.000000015  0.999995559    1.189e-05 |  1.000000000  0.999995283  1.292e-05  7.274e-06   1.067e-05 | 1.198e-05 6.765e-06  9.886e-06
float32      1      0.3 |  1.000000030  0.999986678    3.566e-05 |  0.999999999  0.999985844  3.872e-05  2.176e-05   3.203e-05 | 3.591e-05 2.023e-05  2.967e-05
float32      1      1.0 |  0.999999970  0.999955505    1.189e-04 |  0.999999994  0.999952649  1.291e-04  7.266e-05   1.068e-04 | 1.198e-04 6.757e-05  9.891e-05

Read: cos -> 1 and ratio -> 1 as gamma -> 0 is the O(gamma) correspondence;
degradation at the SMALLEST gammas in float32 (absent in float64) is the
precision floor. K_h rows show the relaxation-budget dependence
(K_h = sweeps actually taken at inference; production FID runs used K_h=1).
