######## UPPER GAMMA: float32 ########
ckpt=/home/apg59/rds/hpc-work/EnergyMatchingEqProp/results_cifar10_pcn/in_paper/in_paper_velocity_correspondence_gamma_grid/../in_paper_fid_calculation_train_backprop_infer_pcn/checkpoint_warmup_145000.pt (ema_model) step=145000  B=128 x 4 batches  clamp=None
/rds/user/apg59/hpc-work/EnergyMatchingEqProp/.venv/lib/python3.14/site-packages/torchvision/datasets/cifar.py:83: VisibleDeprecationWarning: dtype(): align should be passed as Python or NumPy boolean but got `align=0`. Did you mean to pass a tuple to create a subarray type? (Deprecated NumPy 2.4)
  entry = pickle.load(f, encoding="latin1")

  dtype    K_h    gamma |      v_cos norm_ratio rel_L2_err |       ps_cos     ps_ratio ps_rel_rms ps_par_rms ps_perp_rms |    nw_rel    nw_par    nw_perp
-------------------------------------------------------------------------------------------------------------------------------------------------------------
float32      1      1.0 |  1.000000030  0.999953136    1.320e-04 |  0.999999991  0.999948119  1.635e-04  9.342e-05   1.341e-04 | 1.343e-04 7.740e-05  1.098e-04
float32      1      2.0 |  0.999999955  0.999906078    2.644e-04 |  0.999999964  0.999895996  3.275e-04  1.874e-04   2.686e-04 | 2.690e-04 1.552e-04  2.197e-04
float32      1      3.0 |  0.999999925  0.999858856    3.970e-04 |  0.999999919  0.999843684  4.921e-04  2.818e-04   4.034e-04 | 4.041e-04 2.335e-04  3.299e-04
float32      1      5.0 |  0.999999836  0.999763623    6.634e-04 |  0.999999772  0.999738268  8.232e-04  4.723e-04   6.742e-04 | 6.756e-04 3.913e-04  5.507e-04
float32      1     10.0 |  0.999999180  0.999522164    1.336e-03 |  0.999999073  0.999470907  1.663e-03  9.585e-04   1.359e-03 | 1.363e-03 7.940e-04  1.107e-03
float32      1     20.0 |  0.999996588  0.999023750    2.720e-03 |  0.999996122  0.998919142  3.404e-03  1.979e-03   2.770e-03 | 2.784e-03 1.639e-03  2.250e-03
float32      1     30.0 |  0.999991953  0.998505220    4.167e-03 |  0.999990771  0.998344994  5.248e-03  3.070e-03   4.257e-03 | 4.286e-03 2.543e-03  3.450e-03
float32      1    100.0 |  0.999873459  0.994439721    1.582e-02 |  0.999837264  0.993851256  2.069e-02  1.172e-02   1.705e-02 | 1.684e-02 9.743e-03  1.374e-02

Read: cos -> 1 and ratio -> 1 as gamma -> 0 is the O(gamma) correspondence;
degradation at the SMALLEST gammas in float32 (absent in float64) is the
precision floor. K_h rows show the relaxation-budget dependence
(K_h = sweeps actually taken at inference; production FID runs used K_h=1).
######## UPPER GAMMA: FLOAT64, 512 interpolants, chunk 32 ########
ckpt=/home/apg59/rds/hpc-work/EnergyMatchingEqProp/results_cifar10_pcn/in_paper/in_paper_velocity_correspondence_gamma_grid/../in_paper_fid_calculation_train_backprop_infer_pcn/checkpoint_warmup_145000.pt (ema_model) step=145000  B=128 x 4 batches  clamp=None
/rds/user/apg59/hpc-work/EnergyMatchingEqProp/.venv/lib/python3.14/site-packages/torchvision/datasets/cifar.py:83: VisibleDeprecationWarning: dtype(): align should be passed as Python or NumPy boolean but got `align=0`. Did you mean to pass a tuple to create a subarray type? (Deprecated NumPy 2.4)
  entry = pickle.load(f, encoding="latin1")

  dtype    K_h    gamma |      v_cos norm_ratio rel_L2_err |       ps_cos     ps_ratio ps_rel_rms ps_par_rms ps_perp_rms |    nw_rel    nw_par    nw_perp
-------------------------------------------------------------------------------------------------------------------------------------------------------------
float32      1      1.0 |  0.999999985  0.999953136    1.320e-04 |  0.999999991  0.999948120  1.635e-04  9.341e-05   1.341e-04 | 1.343e-04 7.738e-05  1.098e-04
float32      1      2.0 |  0.999999970  0.999906063    2.643e-04 |  0.999999964  0.999896003  3.275e-04  1.874e-04   2.686e-04 | 2.690e-04 1.552e-04  2.197e-04
float32      1      3.0 |  0.999999940  0.999858856    3.970e-04 |  0.999999919  0.999843692  4.921e-04  2.818e-04   4.034e-04 | 4.041e-04 2.334e-04  3.299e-04
float32      1      5.0 |  0.999999776  0.999763623    6.634e-04 |  0.999999772  0.999738275  8.232e-04  4.723e-04   6.742e-04 | 6.756e-04 3.913e-04  5.507e-04
float32      1     10.0 |  0.999999166  0.999522164    1.336e-03 |  0.999999073  0.999470898  1.663e-03  9.585e-04   1.359e-03 | 1.363e-03 7.940e-04  1.107e-03
float32      1     20.0 |  0.999996632  0.999023691    2.720e-03 |  0.999996122  0.998919146  3.404e-03  1.979e-03   2.770e-03 | 2.784e-03 1.639e-03  2.250e-03
float32      1     30.0 |  0.999991968  0.998505205    4.167e-03 |  0.999990771  0.998344988  5.248e-03  3.070e-03   4.257e-03 | 4.286e-03 2.543e-03  3.450e-03
float32      1    100.0 |  0.999873430  0.994439751    1.582e-02 |  0.999837264  0.993851259  2.069e-02  1.172e-02   1.705e-02 | 1.684e-02 9.743e-03  1.374e-02
float64      1      1.0 |  0.999999992  0.999953144    1.320e-04 |  0.999999991  0.999948107  1.635e-04  9.344e-05   1.341e-04 | 1.343e-04 7.741e-05  1.098e-04
float64      1      2.0 |  0.999999968  0.999906082    2.644e-04 |  0.999999964  0.999895990  3.275e-04  1.874e-04   2.686e-04 | 2.690e-04 1.552e-04  2.197e-04
float64      1      3.0 |  0.999999928  0.999858814    3.970e-04 |  0.999999919  0.999843646  4.921e-04  2.818e-04   4.034e-04 | 4.041e-04 2.335e-04  3.299e-04
float64      1      5.0 |  0.999999800  0.999763656    6.634e-04 |  0.999999772  0.999738282  8.232e-04  4.723e-04   6.742e-04 | 6.756e-04 3.913e-04  5.507e-04
float64      1     10.0 |  0.999999187  0.999522148    1.336e-03 |  0.999999073  0.999470908  1.663e-03  9.585e-04   1.359e-03 | 1.363e-03 7.940e-04  1.107e-03
float64      1     20.0 |  0.999996606  0.999023745    2.720e-03 |  0.999996122  0.998919156  3.404e-03  1.979e-03   2.770e-03 | 2.784e-03 1.639e-03  2.250e-03
float64      1     30.0 |  0.999991942  0.998505293    4.167e-03 |  0.999990771  0.998345032  5.248e-03  3.070e-03   4.256e-03 | 4.286e-03 2.543e-03  3.450e-03
float64      1    100.0 |  0.999873463  0.994439717    1.582e-02 |  0.999837264  0.993851246  2.069e-02  1.172e-02   1.705e-02 | 1.684e-02 9.743e-03  1.374e-02

Read: cos -> 1 and ratio -> 1 as gamma -> 0 is the O(gamma) correspondence;
degradation at the SMALLEST gammas in float32 (absent in float64) is the
precision floor. K_h rows show the relaxation-budget dependence
(K_h = sweeps actually taken at inference; production FID runs used K_h=1).
