######## RANDOM-INIT ATTRACTOR: float32, K_h in {1,2,5,10,20,60}, gamma 0.01/0.1 ########
ckpt=/home/apg59/rds/hpc-work/EnergyMatchingEqProp/results_cifar10_pcn/in_paper/in_paper_velocity_correspondence_gamma_grid/../in_paper_fid_calculation_train_backprop_infer_pcn/checkpoint_warmup_145000.pt (ema_model) step=145000  B=128 x 4 batches  clamp=None
/rds/user/apg59/hpc-work/EnergyMatchingEqProp/.venv/lib/python3.14/site-packages/torchvision/datasets/cifar.py:83: VisibleDeprecationWarning: dtype(): align should be passed as Python or NumPy boolean but got `align=0`. Did you mean to pass a tuple to create a subarray type? (Deprecated NumPy 2.4)
  entry = pickle.load(f, encoding="latin1")

  dtype    K_h    gamma |      v_cos norm_ratio rel_L2_err |       ps_cos     ps_ratio ps_rel_rms ps_par_rms ps_perp_rms |    nw_rel    nw_par    nw_perp
-------------------------------------------------------------------------------------------------------------------------------------------------------------
float32      1     0.01 |  0.300260633  1.077975690    1.231e+00 |  0.322451279  1.057614711  1.246e+00  2.776e-01   1.215e+00 | 1.231e+00 2.623e-01  1.203e+00
float32      1      0.1 |  0.005404544  0.573999733    1.151e+00 |  0.008406301  0.536041511  1.155e+00  5.170e-01   1.033e+00 | 1.151e+00 5.204e-01  1.026e+00
float32      2     0.01 |  1.000000030  0.999999478    9.916e-07 |  1.000000000  0.999999483  1.097e-06  7.027e-07   8.427e-07 | 9.919e-07 6.865e-07  7.159e-07
float32      2      0.1 |  1.000000015  0.999995738    7.134e-06 |  1.000000000  0.999995595  7.281e-06  6.354e-06   3.555e-06 | 7.134e-06 6.225e-06  3.485e-06
float32      5     0.01 |  0.999999970  0.999999493    1.400e-06 |  1.000000000  0.999999437  1.718e-06  9.797e-07   1.411e-06 | 1.423e-06 8.189e-07  1.164e-06
float32      5      0.1 |  0.999999985  0.999995351    1.318e-05 |  1.000000000  0.999994843  1.632e-05  9.314e-06   1.340e-05 | 1.342e-05 7.718e-06  1.097e-05
float32     10     0.01 |  1.000000000  0.999999478    1.394e-06 |  1.000000000  0.999999440  1.707e-06  9.697e-07   1.404e-06 | 1.416e-06 8.133e-07  1.159e-06
float32     10      0.1 |  1.000000015  0.999995351    1.319e-05 |  1.000000000  0.999994833  1.632e-05  9.319e-06   1.340e-05 | 1.342e-05 7.722e-06  1.097e-05
float32     20     0.01 |  0.999999985  0.999999493    1.397e-06 |  1.000000000  0.999999441  1.713e-06  9.722e-07   1.410e-06 | 1.419e-06 8.125e-07  1.164e-06
float32     20      0.1 |  0.999999985  0.999995336    1.319e-05 |  1.000000000  0.999994833  1.632e-05  9.322e-06   1.340e-05 | 1.342e-05 7.728e-06  1.097e-05
float32     60     0.01 |  1.000000015  0.999999478    1.390e-06 |  1.000000000  0.999999441  1.700e-06  9.659e-07   1.399e-06 | 1.411e-06 8.099e-07  1.156e-06
float32     60      0.1 |  0.999999970  0.999995351    1.318e-05 |  1.000000000  0.999994838  1.630e-05  9.307e-06   1.339e-05 | 1.341e-05 7.716e-06  1.096e-05

Read: cos -> 1 and ratio -> 1 as gamma -> 0 is the O(gamma) correspondence;
degradation at the SMALLEST gammas in float32 (absent in float64) is the
precision floor. K_h rows show the relaxation-budget dependence
(K_h = sweeps actually taken at inference; production FID runs used K_h=1).
