######## ImageNet-32 gamma grid, fp32, K_h=1 ########
ckpt=/home/apg59/rds/hpc-work/EnergyMatchingEqProp/checkpoints_authors/imagenet32x32_warm_up_640000.pt (ema_model) step=640000  B=128 x 4 batches  clamp=None  seed=0
[ImageNet32Dataset] Loading: /rds/user/apg59/hpc-work/EnergyMatchingEqProp/experiments/imagenet/data/Imagenet32_train/train_data_batch_1
/rds/user/apg59/hpc-work/EnergyMatchingEqProp/experiments/cifar10_pcn/../imagenet/dataset_imagenet32.py:13: VisibleDeprecationWarning: dtype(): align should be passed as Python or NumPy boolean but got `align=0`. Did you mean to pass a tuple to create a subarray type? (Deprecated NumPy 2.4)
  data_dict = pickle.load(fo)
[ImageNet32Dataset] Loading: /rds/user/apg59/hpc-work/EnergyMatchingEqProp/experiments/imagenet/data/Imagenet32_train/train_data_batch_2
[ImageNet32Dataset] Loading: /rds/user/apg59/hpc-work/EnergyMatchingEqProp/experiments/imagenet/data/Imagenet32_train/train_data_batch_3
[ImageNet32Dataset] Loading: /rds/user/apg59/hpc-work/EnergyMatchingEqProp/experiments/imagenet/data/Imagenet32_train/train_data_batch_4
[ImageNet32Dataset] Loading: /rds/user/apg59/hpc-work/EnergyMatchingEqProp/experiments/imagenet/data/Imagenet32_train/train_data_batch_5
[ImageNet32Dataset] Loading: /rds/user/apg59/hpc-work/EnergyMatchingEqProp/experiments/imagenet/data/Imagenet32_train/train_data_batch_6
[ImageNet32Dataset] Loading: /rds/user/apg59/hpc-work/EnergyMatchingEqProp/experiments/imagenet/data/Imagenet32_train/train_data_batch_7
[ImageNet32Dataset] Loading: /rds/user/apg59/hpc-work/EnergyMatchingEqProp/experiments/imagenet/data/Imagenet32_train/train_data_batch_8
[ImageNet32Dataset] Loading: /rds/user/apg59/hpc-work/EnergyMatchingEqProp/experiments/imagenet/data/Imagenet32_train/train_data_batch_9
[ImageNet32Dataset] Loading: /rds/user/apg59/hpc-work/EnergyMatchingEqProp/experiments/imagenet/data/Imagenet32_train/train_data_batch_10
[ImageNet32Dataset] Loaded total of 1281167 images.

  dtype    K_h    gamma |      v_cos norm_ratio rel_L2_err |       ps_cos     ps_ratio ps_rel_rms ps_par_rms ps_perp_rms |    nw_rel    nw_par    nw_perp
-------------------------------------------------------------------------------------------------------------------------------------------------------------
float32      1   0.0001 |  1.000000060  0.999999940    3.809e-07 |  1.000000000  0.999999967  4.053e-07  1.483e-07   3.772e-07 | 3.809e-07 1.467e-07  3.515e-07
float32      1   0.0003 |  1.000000000  1.000000060    3.864e-07 |  1.000000000  1.000000040  4.143e-07  1.515e-07   3.856e-07 | 3.866e-07 1.501e-07  3.563e-07
float32      1    0.001 |  1.000000045  1.000000000    3.886e-07 |  1.000000000  1.000000013  4.171e-07  1.613e-07   3.846e-07 | 3.888e-07 1.591e-07  3.547e-07
float32      1    0.003 |  1.000000045  0.999999940    4.262e-07 |  1.000000000  0.999999960  4.516e-07  2.027e-07   4.035e-07 | 4.265e-07 2.045e-07  3.742e-07
float32      1     0.01 |  1.000000045  0.999999687    8.022e-07 |  1.000000000  0.999999717  8.287e-07  5.387e-07   6.298e-07 | 8.050e-07 5.475e-07  5.902e-07
float32      1     0.03 |  0.999999955  0.999999180    2.084e-06 |  1.000000000  0.999999193  2.132e-06  1.494e-06   1.521e-06 | 2.096e-06 1.522e-06  1.441e-06
float32      1      0.1 |  1.000000030  0.999997362    6.833e-06 |  1.000000000  0.999997397  6.978e-06  4.939e-06   4.929e-06 | 6.877e-06 5.037e-06  4.682e-06
float32      1      0.3 |  1.000000000  0.999992192    2.046e-05 |  1.000000000  0.999992175  2.090e-05  1.481e-05   1.475e-05 | 2.060e-05 1.510e-05  1.401e-05
float32      1      1.0 |  1.000000000  0.999974027    6.822e-05 |  0.999999999  0.999973944  6.968e-05  4.931e-05   4.923e-05 | 6.868e-05 5.028e-05  4.678e-05

Read: cos -> 1 and ratio -> 1 as gamma -> 0 is the O(gamma) correspondence;
degradation at the SMALLEST gammas in float32 (absent in float64) is the
precision floor. K_h rows show the relaxation-budget dependence
(K_h = sweeps actually taken at inference; production FID runs used K_h=1).
######## ImageNet-32 gamma grid, TF32 (production regime) ########
ckpt=/home/apg59/rds/hpc-work/EnergyMatchingEqProp/checkpoints_authors/imagenet32x32_warm_up_640000.pt (ema_model) step=640000  B=128 x 4 batches  clamp=None  seed=0
[ImageNet32Dataset] Loading: /rds/user/apg59/hpc-work/EnergyMatchingEqProp/experiments/imagenet/data/Imagenet32_train/train_data_batch_1
/rds/user/apg59/hpc-work/EnergyMatchingEqProp/experiments/cifar10_pcn/../imagenet/dataset_imagenet32.py:13: VisibleDeprecationWarning: dtype(): align should be passed as Python or NumPy boolean but got `align=0`. Did you mean to pass a tuple to create a subarray type? (Deprecated NumPy 2.4)
  data_dict = pickle.load(fo)
[ImageNet32Dataset] Loading: /rds/user/apg59/hpc-work/EnergyMatchingEqProp/experiments/imagenet/data/Imagenet32_train/train_data_batch_2
[ImageNet32Dataset] Loading: /rds/user/apg59/hpc-work/EnergyMatchingEqProp/experiments/imagenet/data/Imagenet32_train/train_data_batch_3
[ImageNet32Dataset] Loading: /rds/user/apg59/hpc-work/EnergyMatchingEqProp/experiments/imagenet/data/Imagenet32_train/train_data_batch_4
[ImageNet32Dataset] Loading: /rds/user/apg59/hpc-work/EnergyMatchingEqProp/experiments/imagenet/data/Imagenet32_train/train_data_batch_5
[ImageNet32Dataset] Loading: /rds/user/apg59/hpc-work/EnergyMatchingEqProp/experiments/imagenet/data/Imagenet32_train/train_data_batch_6
[ImageNet32Dataset] Loading: /rds/user/apg59/hpc-work/EnergyMatchingEqProp/experiments/imagenet/data/Imagenet32_train/train_data_batch_7
[ImageNet32Dataset] Loading: /rds/user/apg59/hpc-work/EnergyMatchingEqProp/experiments/imagenet/data/Imagenet32_train/train_data_batch_8
[ImageNet32Dataset] Loading: /rds/user/apg59/hpc-work/EnergyMatchingEqProp/experiments/imagenet/data/Imagenet32_train/train_data_batch_9
[ImageNet32Dataset] Loading: /rds/user/apg59/hpc-work/EnergyMatchingEqProp/experiments/imagenet/data/Imagenet32_train/train_data_batch_10
[ImageNet32Dataset] Loaded total of 1281167 images.

  dtype    K_h    gamma |      v_cos norm_ratio rel_L2_err |       ps_cos     ps_ratio ps_rel_rms ps_par_rms ps_perp_rms |    nw_rel    nw_par    nw_perp
-------------------------------------------------------------------------------------------------------------------------------------------------------------
float32      1   0.0001 |  1.000000060  1.000000134    1.932e-04 |  0.999999978  1.000000151  2.077e-04  7.481e-06   2.076e-04 | 1.934e-04 7.420e-06  1.932e-04
float32      1   0.0003 |  0.999999970  1.000000179    1.953e-04 |  0.999999978  1.000000179  2.100e-04  7.430e-06   2.099e-04 | 1.954e-04 7.341e-06  1.953e-04
float32      1    0.001 |  1.000000015  1.000000626    1.962e-04 |  0.999999978  1.000000647  2.107e-04  7.605e-06   2.106e-04 | 1.963e-04 7.531e-06  1.962e-04
float32      1    0.003 |  0.999999970  1.000002712    1.971e-04 |  0.999999978  1.000002735  2.120e-04  1.131e-05   2.117e-04 | 1.973e-04 1.120e-05  1.970e-04
float32      1     0.01 |  0.999999985  1.000003427    1.975e-04 |  0.999999978  1.000003436  2.123e-04  1.429e-05   2.119e-04 | 1.976e-04 1.406e-05  1.971e-04
float32      1     0.03 |  0.999999970  1.000023872    2.042e-04 |  0.999999977  1.000024002  2.196e-04  4.759e-05   2.144e-04 | 2.044e-04 4.734e-05  1.988e-04
float32      1      0.1 |  0.999999985  1.000100672    2.371e-04 |  0.999999977  1.000104140  2.513e-04  1.305e-04   2.148e-04 | 2.372e-04 1.276e-04  2.000e-04
float32      1      0.3 |  1.000000000  1.000065029    2.135e-04 |  0.999999977  1.000063739  2.275e-04  7.582e-05   2.145e-04 | 2.137e-04 7.754e-05  1.991e-04
float32      1      1.0 |  0.999999940  0.999995604    1.839e-04 |  0.999999981  0.999995168  1.985e-04  4.052e-05   1.943e-04 | 1.844e-04 4.228e-05  1.795e-04

Read: cos -> 1 and ratio -> 1 as gamma -> 0 is the O(gamma) correspondence;
degradation at the SMALLEST gammas in float32 (absent in float64) is the
precision floor. K_h rows show the relaxation-budget dependence
(K_h = sweeps actually taken at inference; production FID runs used K_h=1).
######## ImageNet-32 gamma grid, fp32, CLAMP=10000 (recipe) ########
ckpt=/home/apg59/rds/hpc-work/EnergyMatchingEqProp/checkpoints_authors/imagenet32x32_warm_up_640000.pt (ema_model) step=640000  B=128 x 4 batches  clamp=10000.0  seed=0
[ImageNet32Dataset] Loading: /rds/user/apg59/hpc-work/EnergyMatchingEqProp/experiments/imagenet/data/Imagenet32_train/train_data_batch_1
/rds/user/apg59/hpc-work/EnergyMatchingEqProp/experiments/cifar10_pcn/../imagenet/dataset_imagenet32.py:13: VisibleDeprecationWarning: dtype(): align should be passed as Python or NumPy boolean but got `align=0`. Did you mean to pass a tuple to create a subarray type? (Deprecated NumPy 2.4)
  data_dict = pickle.load(fo)
[ImageNet32Dataset] Loading: /rds/user/apg59/hpc-work/EnergyMatchingEqProp/experiments/imagenet/data/Imagenet32_train/train_data_batch_2
[ImageNet32Dataset] Loading: /rds/user/apg59/hpc-work/EnergyMatchingEqProp/experiments/imagenet/data/Imagenet32_train/train_data_batch_3
[ImageNet32Dataset] Loading: /rds/user/apg59/hpc-work/EnergyMatchingEqProp/experiments/imagenet/data/Imagenet32_train/train_data_batch_4
[ImageNet32Dataset] Loading: /rds/user/apg59/hpc-work/EnergyMatchingEqProp/experiments/imagenet/data/Imagenet32_train/train_data_batch_5
[ImageNet32Dataset] Loading: /rds/user/apg59/hpc-work/EnergyMatchingEqProp/experiments/imagenet/data/Imagenet32_train/train_data_batch_6
[ImageNet32Dataset] Loading: /rds/user/apg59/hpc-work/EnergyMatchingEqProp/experiments/imagenet/data/Imagenet32_train/train_data_batch_7
[ImageNet32Dataset] Loading: /rds/user/apg59/hpc-work/EnergyMatchingEqProp/experiments/imagenet/data/Imagenet32_train/train_data_batch_8
[ImageNet32Dataset] Loading: /rds/user/apg59/hpc-work/EnergyMatchingEqProp/experiments/imagenet/data/Imagenet32_train/train_data_batch_9
[ImageNet32Dataset] Loading: /rds/user/apg59/hpc-work/EnergyMatchingEqProp/experiments/imagenet/data/Imagenet32_train/train_data_batch_10
[ImageNet32Dataset] Loaded total of 1281167 images.

  dtype    K_h    gamma |      v_cos norm_ratio rel_L2_err |       ps_cos     ps_ratio ps_rel_rms ps_par_rms ps_perp_rms |    nw_rel    nw_par    nw_perp
-------------------------------------------------------------------------------------------------------------------------------------------------------------
float32      1   0.0001 |  1.000000000  1.000000000    3.894e-07 |  1.000000000  1.000000008  4.153e-07  1.683e-07   3.796e-07 | 3.894e-07 1.667e-07  3.519e-07
float32      1   0.0003 |  1.000000000  1.000000149    3.994e-07 |  1.000000000  1.000000100  4.273e-07  1.843e-07   3.855e-07 | 3.995e-07 1.830e-07  3.551e-07
float32      1    0.001 |  0.999999970  1.000000089    3.866e-07 |  1.000000000  1.000000049  4.134e-07  1.711e-07   3.763e-07 | 3.867e-07 1.703e-07  3.472e-07
float32      1    0.003 |  1.000000015  0.999999970    4.090e-07 |  1.000000000  0.999999985  4.394e-07  1.758e-07   4.028e-07 | 4.093e-07 1.720e-07  3.715e-07
float32      1     0.01 |  1.000000030  0.999999791    6.434e-07 |  1.000000000  0.999999806  6.995e-07  3.289e-07   6.174e-07 | 6.468e-07 3.071e-07  5.693e-07
float32      1     0.03 |  1.000000015  0.999999404    1.589e-06 |  1.000000000  0.999999371  1.743e-06  9.127e-07   1.484e-06 | 1.607e-06 8.381e-07  1.372e-06
float32      1      0.1 |  1.000000000  0.999998167    5.106e-06 |  1.000000000  0.999998008  5.616e-06  2.925e-06   4.794e-06 | 5.178e-06 2.675e-06  4.434e-06
float32      1      0.3 |  1.000000000  0.999994308    1.530e-05 |  1.000000000  0.999993957  1.683e-05  8.819e-06   1.433e-05 | 1.552e-05 8.068e-06  1.326e-05
float32      1      1.0 |  1.000000000  0.999980912    5.110e-05 |  0.999999999  0.999979704  5.617e-05  2.949e-05   4.781e-05 | 5.183e-05 2.698e-05  4.425e-05

Read: cos -> 1 and ratio -> 1 as gamma -> 0 is the O(gamma) correspondence;
degradation at the SMALLEST gammas in float32 (absent in float64) is the
precision floor. K_h rows show the relaxation-budget dependence
(K_h = sweeps actually taken at inference; production FID runs used K_h=1).
######## ImageNet-32 gamma grid, CLAMP=10000, FLOAT64 (chunk 32) ########
ckpt=/home/apg59/rds/hpc-work/EnergyMatchingEqProp/checkpoints_authors/imagenet32x32_warm_up_640000.pt (ema_model) step=640000  B=128 x 4 batches  clamp=10000.0  seed=0
[ImageNet32Dataset] Loading: /rds/user/apg59/hpc-work/EnergyMatchingEqProp/experiments/imagenet/data/Imagenet32_train/train_data_batch_1
/rds/user/apg59/hpc-work/EnergyMatchingEqProp/experiments/cifar10_pcn/../imagenet/dataset_imagenet32.py:13: VisibleDeprecationWarning: dtype(): align should be passed as Python or NumPy boolean but got `align=0`. Did you mean to pass a tuple to create a subarray type? (Deprecated NumPy 2.4)
  data_dict = pickle.load(fo)
[ImageNet32Dataset] Loading: /rds/user/apg59/hpc-work/EnergyMatchingEqProp/experiments/imagenet/data/Imagenet32_train/train_data_batch_2
[ImageNet32Dataset] Loading: /rds/user/apg59/hpc-work/EnergyMatchingEqProp/experiments/imagenet/data/Imagenet32_train/train_data_batch_3
[ImageNet32Dataset] Loading: /rds/user/apg59/hpc-work/EnergyMatchingEqProp/experiments/imagenet/data/Imagenet32_train/train_data_batch_4
[ImageNet32Dataset] Loading: /rds/user/apg59/hpc-work/EnergyMatchingEqProp/experiments/imagenet/data/Imagenet32_train/train_data_batch_5
[ImageNet32Dataset] Loading: /rds/user/apg59/hpc-work/EnergyMatchingEqProp/experiments/imagenet/data/Imagenet32_train/train_data_batch_6
[ImageNet32Dataset] Loading: /rds/user/apg59/hpc-work/EnergyMatchingEqProp/experiments/imagenet/data/Imagenet32_train/train_data_batch_7
[ImageNet32Dataset] Loading: /rds/user/apg59/hpc-work/EnergyMatchingEqProp/experiments/imagenet/data/Imagenet32_train/train_data_batch_8
[ImageNet32Dataset] Loading: /rds/user/apg59/hpc-work/EnergyMatchingEqProp/experiments/imagenet/data/Imagenet32_train/train_data_batch_9
[ImageNet32Dataset] Loading: /rds/user/apg59/hpc-work/EnergyMatchingEqProp/experiments/imagenet/data/Imagenet32_train/train_data_batch_10
[ImageNet32Dataset] Loaded total of 1281167 images.

  dtype    K_h    gamma |      v_cos norm_ratio rel_L2_err |       ps_cos     ps_ratio ps_rel_rms ps_par_rms ps_perp_rms |    nw_rel    nw_par    nw_perp
-------------------------------------------------------------------------------------------------------------------------------------------------------------
float32      1   0.0001 |  1.000000015  1.000000000    3.823e-07 |  1.000000000  1.000000005  4.086e-07  1.623e-07   3.750e-07 | 3.823e-07 1.609e-07  3.468e-07
float32      1   0.0003 |  0.999999970  1.000000149    3.968e-07 |  1.000000000  1.000000096  4.257e-07  1.809e-07   3.853e-07 | 3.968e-07 1.796e-07  3.538e-07
float32      1    0.001 |  1.000000000  1.000000060    3.862e-07 |  1.000000000  1.000000040  4.133e-07  1.694e-07   3.770e-07 | 3.864e-07 1.696e-07  3.471e-07
float32      1    0.003 |  1.000000000  0.999999970    4.126e-07 |  1.000000000  0.999999987  4.452e-07  1.774e-07   4.084e-07 | 4.128e-07 1.742e-07  3.742e-07
float32      1     0.01 |  0.999999985  0.999999806    6.469e-07 |  1.000000000  0.999999795  7.019e-07  3.380e-07   6.151e-07 | 6.510e-07 3.172e-07  5.684e-07
float32      1     0.03 |  1.000000000  0.999999404    1.594e-06 |  1.000000000  0.999999368  1.751e-06  9.164e-07   1.493e-06 | 1.613e-06 8.400e-07  1.377e-06
float32      1      0.1 |  1.000000030  0.999998122    5.116e-06 |  1.000000000  0.999998002  5.629e-06  2.941e-06   4.799e-06 | 5.189e-06 2.689e-06  4.438e-06
float32      1      0.3 |  1.000000000  0.999994323    1.531e-05 |  1.000000000  0.999993946  1.684e-05  8.836e-06   1.433e-05 | 1.553e-05 8.082e-06  1.326e-05
float32      1      1.0 |  1.000000045  0.999980882    5.111e-05 |  0.999999999  0.999979704  5.618e-05  2.948e-05   4.782e-05 | 5.184e-05 2.698e-05  4.426e-05
float64      1   0.0001 |  1.000000000  0.999999998    9.883e-09 |  1.000000000  0.999999998  1.075e-08  2.953e-09   1.034e-08 | 9.955e-09 2.708e-09  9.580e-09
float64      1   0.0003 |  1.000000000  0.999999994    1.821e-08 |  1.000000000  0.999999994  1.983e-08  8.834e-09   1.775e-08 | 1.838e-08 8.068e-09  1.652e-08
float64      1    0.001 |  1.000000000  0.999999981    5.205e-08 |  1.000000000  0.999999980  5.722e-08  2.954e-08   4.901e-08 | 5.271e-08 2.701e-08  4.526e-08
float64      1    0.003 |  1.000000000  0.999999943    1.538e-07 |  1.000000000  0.999999939  1.690e-07  8.851e-08   1.440e-07 | 1.559e-07 8.097e-08  1.333e-07
float64      1     0.01 |  1.000000000  0.999999809    5.109e-07 |  1.000000000  0.999999797  5.618e-07  2.950e-07   4.781e-07 | 5.182e-07 2.699e-07  4.424e-07
float64      1     0.03 |  1.000000000  0.999999427    1.533e-06 |  1.000000000  0.999999391  1.685e-06  8.849e-07   1.434e-06 | 1.555e-06 8.096e-07  1.327e-06
float64      1      0.1 |  1.000000000  0.999998090    5.109e-06 |  1.000000000  0.999997969  5.617e-06  2.950e-06   4.780e-06 | 5.182e-06 2.699e-06  4.424e-06
float64      1      0.3 |  1.000000000  0.999994269    1.533e-05 |  1.000000000  0.999993907  1.685e-05  8.850e-06   1.434e-05 | 1.555e-05 8.097e-06  1.327e-05
float64      1      1.0 |  0.999999999  0.999980893    5.112e-05 |  0.999999999  0.999979688  5.620e-05  2.950e-05   4.783e-05 | 5.185e-05 2.699e-05  4.427e-05

Read: cos -> 1 and ratio -> 1 as gamma -> 0 is the O(gamma) correspondence;
degradation at the SMALLEST gammas in float32 (absent in float64) is the
precision floor. K_h rows show the relaxation-budget dependence
(K_h = sweeps actually taken at inference; production FID runs used K_h=1).
