######## per-node forensics, folded c=1e4, fp32+f64 ########
ckpt=checkpoints_authors/imagenet32x32_warm_up_640000.pt (ema_model) step=640000  B=128 x 4 batches  clamp=10000.0  seed=0
[ImageNet32Dataset] Loading: experiments/imagenet/data/Imagenet32_train/train_data_batch_1
experiments/cifar10_pcn/../imagenet/dataset_imagenet32.py:13: VisibleDeprecationWarning: dtype(): align should be passed as Python or NumPy boolean but got `align=0`. Did you mean to pass a tuple to create a subarray type? (Deprecated NumPy 2.4)
  data_dict = pickle.load(fo)
[ImageNet32Dataset] Loading: experiments/imagenet/data/Imagenet32_train/train_data_batch_2
[ImageNet32Dataset] Loading: experiments/imagenet/data/Imagenet32_train/train_data_batch_3
[ImageNet32Dataset] Loading: experiments/imagenet/data/Imagenet32_train/train_data_batch_4
[ImageNet32Dataset] Loading: experiments/imagenet/data/Imagenet32_train/train_data_batch_5
[ImageNet32Dataset] Loading: experiments/imagenet/data/Imagenet32_train/train_data_batch_6
[ImageNet32Dataset] Loading: experiments/imagenet/data/Imagenet32_train/train_data_batch_7
[ImageNet32Dataset] Loading: experiments/imagenet/data/Imagenet32_train/train_data_batch_8
[ImageNet32Dataset] Loading: experiments/imagenet/data/Imagenet32_train/train_data_batch_9
[ImageNet32Dataset] Loading: experiments/imagenet/data/Imagenet32_train/train_data_batch_10
[ImageNet32Dataset] Loaded total of 1281167 images.

  dtype    K_h    gamma |      v_cos norm_ratio rel_L2_err |       ps_cos     ps_ratio ps_rel_rms ps_par_rms ps_perp_rms |    nw_rel    nw_par    nw_perp
-------------------------------------------------------------------------------------------------------------------------------------------------------------
float32      1   0.0001 |  1.000000015  1.000000000    3.822e-07 |  1.000000000  1.000000005  4.087e-07  1.624e-07   3.750e-07 | 3.823e-07 1.610e-07  3.467e-07
RESID float32   0.0001 | spring=7.160e-08 |V_old-V_new|=7.160e-01 |V_new-V_ff|=1.002e-01 |V_pred-V_ff|=2.728e-01 |V_ff|=9.098e+02 tanh(V_ff/c)=0.090 rel_factor_err_old=1.161e-05 rel_factor_err_new=1.813e-06 rel_factor_err_pred=5.004e-06
NODES float32   0.0001 | spring_k=[8.1e-15 7.7e-17 9.4e-18 3.2e-19 1.9e-19 1.1e-19 4.0e-22 1.7e-22 1.3e-22 8.4e-25 1.6e-24 5.2e-26 5.2e-26 0.0e+00 0.0e+00 0.0e+00 4.3e-26 3.1e-25 2.0e-25 9.0e-23 2.3e-22 2.8e-26 3.0e-24 3.4e-22 2.9e-21 8.5e-12 7.2e-08]
HDEV  float32   0.0001 | |h*-h_ff|/|h_ff|_k=[1.6e-10 6.8e-08 3.5e-07 4.5e-07 4.2e-07 1.2e-06 1.1e-06 1.1e-06 1.3e-06 1.3e-06 1.3e-06 1.2e-06 1.2e-06 1.4e-06 1.3e-06 1.1e-06 1.1e-06 1.1e-06 9.2e-07 1.2e-06 1.1e-06 1.1e-06 6.7e-07 4.0e-07 1.2e-07 8.4e-07 2.6e-03]
float32      1    0.001 |  1.000000000  1.000000060    3.865e-07 |  1.000000000  1.000000040  4.136e-07  1.698e-07   3.771e-07 | 3.866e-07 1.700e-07  3.472e-07
RESID float32    0.001 | spring=7.323e-07 |V_old-V_new|=7.323e-01 |V_new-V_ff|=1.002e+00 |V_pred-V_ff|=2.721e-01 |V_ff|=9.098e+02 tanh(V_ff/c)=0.090 rel_factor_err_old=6.456e-06 rel_factor_err_new=1.813e-05 rel_factor_err_pred=5.001e-06
NODES float32    0.001 | spring_k=[5.1e-12 6.9e-14 9.2e-15 2.7e-16 1.9e-16 1.2e-16 2.5e-19 2.8e-19 1.5e-19 4.4e-22 1.6e-22 6.9e-23 4.9e-24 1.6e-26 2.5e-25 4.1e-26 3.6e-23 7.2e-22 7.0e-22 8.9e-20 1.7e-19 1.4e-22 4.3e-21 3.4e-19 3.7e-18 9.7e-10 7.3e-07]
HDEV  float32    0.001 | |h*-h_ff|/|h_ff|_k=[4.4e-09 1.4e-07 4.7e-07 5.4e-07 4.6e-07 1.2e-06 1.1e-06 1.1e-06 1.4e-06 1.3e-06 1.3e-06 1.3e-06 1.3e-06 1.4e-06 1.3e-06 1.1e-06 1.1e-06 1.1e-06 9.3e-07 1.2e-06 1.1e-06 1.1e-06 7.0e-07 4.3e-07 1.2e-07 2.6e-06 8.6e-03]
float32      1     0.01 |  0.999999985  0.999999806    6.473e-07 |  1.000000000  0.999999794  7.022e-07  3.390e-07   6.150e-07 | 6.515e-07 3.183e-07  5.684e-07
RESID float32     0.01 | spring=5.198e-05 |V_old-V_new|=5.198e+00 |V_new-V_ff|=1.002e+01 |V_pred-V_ff|=2.656e-01 |V_ff|=9.098e+02 tanh(V_ff/c)=0.090 rel_factor_err_old=8.826e-05 rel_factor_err_new=1.813e-04 rel_factor_err_pred=4.979e-06
NODES float32     0.01 | spring_k=[1.2e-09 2.9e-11 7.4e-12 2.5e-13 1.9e-13 1.2e-13 3.0e-16 2.4e-16 1.6e-16 2.7e-19 1.5e-19 8.0e-20 3.0e-20 5.9e-23 4.2e-21 4.2e-21 9.4e-20 7.7e-19 6.0e-19 8.3e-17 1.6e-16 1.3e-19 5.8e-18 3.8e-16 3.3e-15 9.7e-08 5.2e-05]
HDEV  float32     0.01 | |h*-h_ff|/|h_ff|_k=[6.9e-08 3.2e-07 7.3e-07 7.6e-07 6.6e-07 1.5e-06 1.3e-06 1.4e-06 1.6e-06 1.5e-06 1.5e-06 1.5e-06 1.5e-06 1.6e-06 1.5e-06 1.3e-06 1.4e-06 1.4e-06 1.1e-06 1.5e-06 1.4e-06 1.3e-06 9.1e-07 6.1e-07 1.7e-07 2.5e-05 6.9e-02]
float32      1      0.1 |  1.000000015  0.999998152    5.112e-06 |  1.000000000  0.999998001  5.621e-06  2.934e-06   4.794e-06 | 5.184e-06 2.685e-06  4.435e-06
RESID float32      0.1 | spring=5.028e-03 |V_old-V_new|=5.028e+01 |V_new-V_ff|=1.002e+02 |V_pred-V_ff|=2.286e-01 |V_ff|=9.098e+02 tanh(V_ff/c)=0.090 rel_factor_err_old=9.043e-04 rel_factor_err_new=1.813e-03 rel_factor_err_pred=5.141e-06
NODES float32      0.1 | spring_k=[1.2e-07 3.7e-09 1.2e-09 1.5e-10 1.3e-10 7.6e-11 3.2e-13 2.5e-13 1.6e-13 3.3e-16 2.4e-16 2.0e-16 3.6e-17 1.1e-18 3.0e-18 2.0e-18 1.2e-16 6.8e-16 6.8e-16 8.3e-14 1.5e-13 1.4e-16 5.7e-15 3.9e-13 3.2e-12 9.7e-06 5.0e-03]
HDEV  float32      0.1 | |h*-h_ff|/|h_ff|_k=[6.7e-07 2.4e-06 4.2e-06 4.0e-06 3.9e-06 7.0e-06 6.2e-06 6.3e-06 7.3e-06 6.6e-06 6.6e-06 6.5e-06 6.6e-06 6.9e-06 7.6e-06 7.2e-06 7.0e-06 7.3e-06 6.5e-06 7.2e-06 7.1e-06 6.3e-06 5.1e-06 3.7e-06 9.7e-07 2.5e-04 6.7e-01]
float64      1   0.0001 |  1.000000000  0.999999998    9.883e-09 |  1.000000000  0.999999998  1.075e-08  2.953e-09   1.034e-08 | 9.955e-09 2.708e-09  9.580e-09
RESID float64   0.0001 | spring=7.158e-08 |V_old-V_new|=7.158e-01 |V_new-V_ff|=1.002e-01 |V_pred-V_ff|=2.727e-01 |V_ff|=9.098e+02 tanh(V_ff/c)=0.090 rel_factor_err_old=1.160e-05 rel_factor_err_new=1.813e-06 rel_factor_err_pred=5.001e-06
NODES float64   0.0001 | spring_k=[1.2e-13 3.6e-15 1.1e-15 1.7e-16 1.6e-16 8.9e-17 2.9e-18 3.0e-18 1.9e-18 5.6e-20 5.8e-20 4.8e-20 2.1e-20 2.4e-21 5.1e-21 4.0e-21 5.8e-20 1.7e-19 1.4e-19 2.7e-18 4.4e-18 1.7e-19 1.2e-18 1.3e-17 1.3e-16 9.7e-12 7.2e-08]
HDEV  float64   0.0001 | |h*-h_ff|/|h_ff|_k=[6.7e-10 2.4e-09 4.1e-09 3.9e-09 1.4e-08 5.4e-08 3.9e-08 3.7e-08 4.0e-08 3.0e-08 2.9e-08 2.8e-08 2.8e-08 2.5e-08 2.3e-08 2.0e-08 2.5e-08 2.2e-08 1.7e-08 6.2e-08 6.1e-08 6.0e-08 3.2e-08 1.6e-08 2.7e-09 2.5e-07 2.6e-03]
float64      1    0.001 |  1.000000000  0.999999981    5.205e-08 |  1.000000000  0.999999980  5.722e-08  2.954e-08   4.901e-08 | 5.271e-08 2.701e-08  4.526e-08
RESID float64    0.001 | spring=7.322e-07 |V_old-V_new|=7.322e-01 |V_new-V_ff|=1.002e+00 |V_pred-V_ff|=2.720e-01 |V_ff|=9.098e+02 tanh(V_ff/c)=0.090 rel_factor_err_old=6.455e-06 rel_factor_err_new=1.813e-05 rel_factor_err_pred=4.998e-06
NODES float64    0.001 | spring_k=[1.2e-11 3.6e-13 1.1e-13 1.7e-14 1.6e-14 8.9e-15 2.9e-16 3.0e-16 1.9e-16 5.6e-18 5.8e-18 4.8e-18 2.1e-18 2.4e-19 5.1e-19 4.0e-19 5.8e-18 1.7e-17 1.4e-17 2.7e-16 4.4e-16 1.7e-17 1.2e-16 1.3e-15 1.3e-14 9.7e-10 7.3e-07]
HDEV  float64    0.001 | |h*-h_ff|/|h_ff|_k=[6.7e-09 2.4e-08 4.1e-08 3.9e-08 5.1e-08 1.2e-07 9.2e-08 9.0e-08 1.0e-07 8.4e-08 8.3e-08 8.1e-08 8.1e-08 8.0e-08 8.6e-08 8.0e-08 8.3e-08 8.3e-08 7.1e-08 1.2e-07 1.1e-07 1.0e-07 6.7e-08 4.3e-08 1.0e-08 2.5e-06 8.6e-03]
float64      1     0.01 |  1.000000000  0.999999809    5.109e-07 |  1.000000000  0.999999797  5.618e-07  2.950e-07   4.781e-07 | 5.182e-07 2.699e-07  4.424e-07
RESID float64     0.01 | spring=5.198e-05 |V_old-V_new|=5.198e+00 |V_new-V_ff|=1.002e+01 |V_pred-V_ff|=2.655e-01 |V_ff|=9.098e+02 tanh(V_ff/c)=0.090 rel_factor_err_old=8.826e-05 rel_factor_err_new=1.813e-04 rel_factor_err_pred=4.976e-06
NODES float64     0.01 | spring_k=[1.2e-09 3.6e-11 1.1e-11 1.7e-12 1.6e-12 8.9e-13 2.9e-14 3.0e-14 1.9e-14 5.6e-16 5.8e-16 4.8e-16 2.1e-16 2.4e-17 5.1e-17 4.0e-17 5.8e-16 1.7e-15 1.4e-15 2.7e-14 4.4e-14 1.7e-15 1.2e-14 1.3e-13 1.3e-12 9.7e-08 5.2e-05]
HDEV  float64     0.01 | |h*-h_ff|/|h_ff|_k=[6.7e-08 2.4e-07 4.1e-07 3.9e-07 3.8e-07 6.9e-07 6.1e-07 6.2e-07 7.1e-07 6.4e-07 6.4e-07 6.3e-07 6.4e-07 6.7e-07 7.5e-07 7.1e-07 6.9e-07 7.2e-07 6.4e-07 7.2e-07 7.1e-07 6.2e-07 5.1e-07 3.7e-07 9.5e-08 2.5e-05 6.9e-02]
float64      1      0.1 |  1.000000000  0.999998090    5.109e-06 |  1.000000000  0.999997969  5.617e-06  2.950e-06   4.780e-06 | 5.182e-06 2.699e-06  4.424e-06
RESID float64      0.1 | spring=5.028e-03 |V_old-V_new|=5.028e+01 |V_new-V_ff|=1.002e+02 |V_pred-V_ff|=2.285e-01 |V_ff|=9.098e+02 tanh(V_ff/c)=0.090 rel_factor_err_old=9.043e-04 rel_factor_err_new=1.813e-03 rel_factor_err_pred=5.138e-06
NODES float64      0.1 | spring_k=[1.2e-07 3.6e-09 1.1e-09 1.7e-10 1.6e-10 8.9e-11 2.9e-12 3.0e-12 1.9e-12 5.6e-14 5.8e-14 4.8e-14 2.1e-14 2.4e-15 5.1e-15 4.0e-15 5.8e-14 1.7e-13 1.4e-13 2.7e-12 4.4e-12 1.7e-13 1.2e-12 1.3e-11 1.3e-10 9.7e-06 5.0e-03]
HDEV  float64      0.1 | |h*-h_ff|/|h_ff|_k=[6.7e-07 2.4e-06 4.1e-06 3.9e-06 3.8e-06 6.7e-06 6.0e-06 6.1e-06 7.0e-06 6.4e-06 6.4e-06 6.3e-06 6.4e-06 6.7e-06 7.5e-06 7.1e-06 6.9e-06 7.2e-06 6.4e-06 7.1e-06 7.0e-06 6.2e-06 5.1e-06 3.7e-06 9.4e-07 2.5e-04 6.7e-01]

Read: cos -> 1 and ratio -> 1 as gamma -> 0 is the O(gamma) correspondence;
degradation at the SMALLEST gammas in float32 (absent in float64) is the
precision floor. K_h rows show the relaxation-budget dependence
(K_h = sweeps actually taken at inference; production FID runs used K_h=1).
######## c-control: folded c=3e4, fp32 ########
ckpt=checkpoints_authors/imagenet32x32_warm_up_640000.pt (ema_model) step=640000  B=128 x 4 batches  clamp=30000.0  seed=0
[ImageNet32Dataset] Loading: experiments/imagenet/data/Imagenet32_train/train_data_batch_1
experiments/cifar10_pcn/../imagenet/dataset_imagenet32.py:13: VisibleDeprecationWarning: dtype(): align should be passed as Python or NumPy boolean but got `align=0`. Did you mean to pass a tuple to create a subarray type? (Deprecated NumPy 2.4)
  data_dict = pickle.load(fo)
[ImageNet32Dataset] Loading: experiments/imagenet/data/Imagenet32_train/train_data_batch_2
[ImageNet32Dataset] Loading: experiments/imagenet/data/Imagenet32_train/train_data_batch_3
[ImageNet32Dataset] Loading: experiments/imagenet/data/Imagenet32_train/train_data_batch_4
[ImageNet32Dataset] Loading: experiments/imagenet/data/Imagenet32_train/train_data_batch_5
[ImageNet32Dataset] Loading: experiments/imagenet/data/Imagenet32_train/train_data_batch_6
[ImageNet32Dataset] Loading: experiments/imagenet/data/Imagenet32_train/train_data_batch_7
[ImageNet32Dataset] Loading: experiments/imagenet/data/Imagenet32_train/train_data_batch_8
[ImageNet32Dataset] Loading: experiments/imagenet/data/Imagenet32_train/train_data_batch_9
[ImageNet32Dataset] Loading: experiments/imagenet/data/Imagenet32_train/train_data_batch_10
[ImageNet32Dataset] Loaded total of 1281167 images.

  dtype    K_h    gamma |      v_cos norm_ratio rel_L2_err |       ps_cos     ps_ratio ps_rel_rms ps_par_rms ps_perp_rms |    nw_rel    nw_par    nw_perp
-------------------------------------------------------------------------------------------------------------------------------------------------------------
float32      1    0.001 |  0.999999955  1.000000000    3.855e-07 |  1.000000000  0.999999963  4.116e-07  1.639e-07   3.776e-07 | 3.858e-07 1.655e-07  3.485e-07
float32      1     0.01 |  1.000000015  0.999999672    8.025e-07 |  1.000000000  0.999999677  8.312e-07  5.373e-07   6.342e-07 | 8.059e-07 5.432e-07  5.953e-07
float32      1      0.1 |  1.000000045  0.999997407    6.528e-06 |  1.000000000  0.999997419  6.724e-06  4.579e-06   4.924e-06 | 6.578e-06 4.642e-06  4.660e-06
float32      1      1.0 |  0.999999985  0.999974817    6.498e-05 |  0.999999999  0.999974603  6.690e-05  4.547e-05   4.907e-05 | 6.548e-05 4.611e-05  4.649e-05

Read: cos -> 1 and ratio -> 1 as gamma -> 0 is the O(gamma) correspondence;
degradation at the SMALLEST gammas in float32 (absent in float64) is the
precision floor. K_h rows show the relaxation-budget dependence
(K_h = sweeps actually taken at inference; production FID runs used K_h=1).
######## c-control: folded c=1e6, fp32 ########
ckpt=checkpoints_authors/imagenet32x32_warm_up_640000.pt (ema_model) step=640000  B=128 x 4 batches  clamp=1000000.0  seed=0
[ImageNet32Dataset] Loading: experiments/imagenet/data/Imagenet32_train/train_data_batch_1
experiments/cifar10_pcn/../imagenet/dataset_imagenet32.py:13: VisibleDeprecationWarning: dtype(): align should be passed as Python or NumPy boolean but got `align=0`. Did you mean to pass a tuple to create a subarray type? (Deprecated NumPy 2.4)
  data_dict = pickle.load(fo)
[ImageNet32Dataset] Loading: experiments/imagenet/data/Imagenet32_train/train_data_batch_2
[ImageNet32Dataset] Loading: experiments/imagenet/data/Imagenet32_train/train_data_batch_3
[ImageNet32Dataset] Loading: experiments/imagenet/data/Imagenet32_train/train_data_batch_4
[ImageNet32Dataset] Loading: experiments/imagenet/data/Imagenet32_train/train_data_batch_5
[ImageNet32Dataset] Loading: experiments/imagenet/data/Imagenet32_train/train_data_batch_6
[ImageNet32Dataset] Loading: experiments/imagenet/data/Imagenet32_train/train_data_batch_7
[ImageNet32Dataset] Loading: experiments/imagenet/data/Imagenet32_train/train_data_batch_8
[ImageNet32Dataset] Loading: experiments/imagenet/data/Imagenet32_train/train_data_batch_9
[ImageNet32Dataset] Loading: experiments/imagenet/data/Imagenet32_train/train_data_batch_10
[ImageNet32Dataset] Loaded total of 1281167 images.

  dtype    K_h    gamma |      v_cos norm_ratio rel_L2_err |       ps_cos     ps_ratio ps_rel_rms ps_par_rms ps_perp_rms |    nw_rel    nw_par    nw_perp
-------------------------------------------------------------------------------------------------------------------------------------------------------------
float32      1    0.001 |  1.000000030  0.999999940    3.895e-07 |  1.000000000  0.999999948  4.140e-07  1.729e-07   3.762e-07 | 3.897e-07 1.736e-07  3.489e-07
float32      1     0.01 |  1.000000089  0.999999672    8.085e-07 |  1.000000000  0.999999683  8.354e-07  5.498e-07   6.289e-07 | 8.117e-07 5.575e-07  5.900e-07
float32      1      0.1 |  1.000000030  0.999997362    6.835e-06 |  1.000000000  0.999997385  6.985e-06  4.940e-06   4.939e-06 | 6.881e-06 5.037e-06  4.687e-06
float32      1      1.0 |  0.999999985  0.999974027    6.821e-05 |  0.999999999  0.999973943  6.968e-05  4.931e-05   4.923e-05 | 6.868e-05 5.028e-05  4.678e-05

Read: cos -> 1 and ratio -> 1 as gamma -> 0 is the O(gamma) correspondence;
degradation at the SMALLEST gammas in float32 (absent in float64) is the
precision floor. K_h rows show the relaxation-budget dependence
(K_h = sweeps actually taken at inference; production FID runs used K_h=1).
