######## ImageNet-32 UPPER GAMMA, fp32, K_h=1 ########
ckpt=checkpoints_authors/imagenet32x32_warm_up_640000.pt (ema_model) step=640000  B=128 x 4 batches  clamp=None  seed=0
[ImageNet32Dataset] Loading: experiments/imagenet/data/Imagenet32_train/train_data_batch_1
experiments/cifar10_pcn/../imagenet/dataset_imagenet32.py:13: VisibleDeprecationWarning: dtype(): align should be passed as Python or NumPy boolean but got `align=0`. Did you mean to pass a tuple to create a subarray type? (Deprecated NumPy 2.4)
  data_dict = pickle.load(fo)
[ImageNet32Dataset] Loading: experiments/imagenet/data/Imagenet32_train/train_data_batch_2
[ImageNet32Dataset] Loading: experiments/imagenet/data/Imagenet32_train/train_data_batch_3
[ImageNet32Dataset] Loading: experiments/imagenet/data/Imagenet32_train/train_data_batch_4
[ImageNet32Dataset] Loading: experiments/imagenet/data/Imagenet32_train/train_data_batch_5
[ImageNet32Dataset] Loading: experiments/imagenet/data/Imagenet32_train/train_data_batch_6
[ImageNet32Dataset] Loading: experiments/imagenet/data/Imagenet32_train/train_data_batch_7
[ImageNet32Dataset] Loading: experiments/imagenet/data/Imagenet32_train/train_data_batch_8
[ImageNet32Dataset] Loading: experiments/imagenet/data/Imagenet32_train/train_data_batch_9
[ImageNet32Dataset] Loading: experiments/imagenet/data/Imagenet32_train/train_data_batch_10
[ImageNet32Dataset] Loaded total of 1281167 images.

  dtype    K_h    gamma |      v_cos norm_ratio rel_L2_err |       ps_cos     ps_ratio ps_rel_rms ps_par_rms ps_perp_rms |    nw_rel    nw_par    nw_perp
-------------------------------------------------------------------------------------------------------------------------------------------------------------
float32      1      1.0 |  1.000000000  0.999974027    6.822e-05 |  0.999999999  0.999973944  6.968e-05  4.930e-05   4.924e-05 | 6.868e-05 5.028e-05  4.679e-05
float32      1      2.0 |  0.999999970  0.999948114    1.365e-04 |  0.999999995  0.999947947  1.394e-04  9.861e-05   9.856e-05 | 1.374e-04 1.006e-04  9.369e-05
float32      1      3.0 |  1.000000000  0.999922320    2.048e-04 |  0.999999989  0.999922101  2.091e-04  1.478e-04   1.479e-04 | 2.062e-04 1.507e-04  1.407e-04
float32      1      5.0 |  0.999999925  0.999870837    3.415e-04 |  0.999999970  0.999870447  3.488e-04  2.463e-04   2.469e-04 | 3.439e-04 2.512e-04  2.350e-04
float32      1     10.0 |  0.999999791  0.999743506    6.839e-04 |  0.999999877  0.999742739  6.983e-04  4.919e-04   4.956e-04 | 6.890e-04 5.016e-04  4.723e-04
float32      1     20.0 |  0.999999195  0.999494389    1.371e-03 |  0.999999502  0.999492862  1.400e-03  9.813e-04   9.980e-04 | 1.383e-03 1.001e-03  9.540e-04
float32      1     30.0 |  0.999998108  0.999252737    2.063e-03 |  0.999998865  0.999250346  2.104e-03  1.468e-03   1.507e-03 | 2.081e-03 1.497e-03  1.445e-03
float32      1    100.0 |  0.999977425  0.997768223    6.994e-03 |  0.999986359  0.997758830  7.112e-03  4.820e-03   5.229e-03 | 7.093e-03 4.918e-03  5.112e-03

Read: cos -> 1 and ratio -> 1 as gamma -> 0 is the O(gamma) correspondence;
degradation at the SMALLEST gammas in float32 (absent in float64) is the
precision floor. K_h rows show the relaxation-budget dependence
(K_h = sweeps actually taken at inference; production FID runs used K_h=1).
######## ImageNet-32 UPPER GAMMA, TF32 (production regime) ########
ckpt=checkpoints_authors/imagenet32x32_warm_up_640000.pt (ema_model) step=640000  B=128 x 4 batches  clamp=None  seed=0
[ImageNet32Dataset] Loading: experiments/imagenet/data/Imagenet32_train/train_data_batch_1
experiments/cifar10_pcn/../imagenet/dataset_imagenet32.py:13: VisibleDeprecationWarning: dtype(): align should be passed as Python or NumPy boolean but got `align=0`. Did you mean to pass a tuple to create a subarray type? (Deprecated NumPy 2.4)
  data_dict = pickle.load(fo)
[ImageNet32Dataset] Loading: experiments/imagenet/data/Imagenet32_train/train_data_batch_2
[ImageNet32Dataset] Loading: experiments/imagenet/data/Imagenet32_train/train_data_batch_3
[ImageNet32Dataset] Loading: experiments/imagenet/data/Imagenet32_train/train_data_batch_4
[ImageNet32Dataset] Loading: experiments/imagenet/data/Imagenet32_train/train_data_batch_5
[ImageNet32Dataset] Loading: experiments/imagenet/data/Imagenet32_train/train_data_batch_6
[ImageNet32Dataset] Loading: experiments/imagenet/data/Imagenet32_train/train_data_batch_7
[ImageNet32Dataset] Loading: experiments/imagenet/data/Imagenet32_train/train_data_batch_8
[ImageNet32Dataset] Loading: experiments/imagenet/data/Imagenet32_train/train_data_batch_9
[ImageNet32Dataset] Loading: experiments/imagenet/data/Imagenet32_train/train_data_batch_10
[ImageNet32Dataset] Loaded total of 1281167 images.

  dtype    K_h    gamma |      v_cos norm_ratio rel_L2_err |       ps_cos     ps_ratio ps_rel_rms ps_par_rms ps_perp_rms |    nw_rel    nw_par    nw_perp
-------------------------------------------------------------------------------------------------------------------------------------------------------------
float32      1      1.0 |  0.999999940  0.999995604    1.839e-04 |  0.999999981  0.999995168  1.985e-04  4.052e-05   1.943e-04 | 1.844e-04 4.228e-05  1.795e-04
float32      1      2.0 |  1.000000060  0.999959290    2.239e-04 |  0.999999976  0.999959024  2.379e-04  9.182e-05   2.194e-04 | 2.247e-04 9.417e-05  2.041e-04
float32      1      3.0 |  0.999999985  0.999929801    2.792e-04 |  0.999999968  0.999929417  2.921e-04  1.431e-04   2.547e-04 | 2.805e-04 1.464e-04  2.393e-04
float32      1      5.0 |  0.999999911  0.999875695    3.918e-04 |  0.999999948  0.999875353  4.040e-04  2.429e-04   3.228e-04 | 3.947e-04 2.481e-04  3.069e-04
float32      1     10.0 |  0.999999791  0.999746159    7.082e-04 |  0.999999857  0.999745467  7.247e-04  4.897e-04   5.343e-04 | 7.132e-04 4.998e-04  5.089e-04
float32      1     20.0 |  0.999999195  0.999496043    1.382e-03 |  0.999999484  0.999494551  1.411e-03  9.798e-04   1.016e-03 | 1.393e-03 9.995e-04  9.697e-04
float32      1     30.0 |  0.999998078  0.999254301    2.071e-03 |  0.999998845  0.999252038  2.113e-03  1.467e-03   1.520e-03 | 2.089e-03 1.497e-03  1.458e-03
float32      1    100.0 |  0.999977380  0.997771010    6.994e-03 |  0.999986359  0.997761841  7.111e-03  4.819e-03   5.229e-03 | 7.092e-03 4.917e-03  5.111e-03

Read: cos -> 1 and ratio -> 1 as gamma -> 0 is the O(gamma) correspondence;
degradation at the SMALLEST gammas in float32 (absent in float64) is the
precision floor. K_h rows show the relaxation-budget dependence
(K_h = sweeps actually taken at inference; production FID runs used K_h=1).
######## ImageNet-32 UPPER GAMMA, fp32, CLAMP=10000 (folded) ########
ckpt=checkpoints_authors/imagenet32x32_warm_up_640000.pt (ema_model) step=640000  B=128 x 4 batches  clamp=10000.0  seed=0
[ImageNet32Dataset] Loading: experiments/imagenet/data/Imagenet32_train/train_data_batch_1
experiments/cifar10_pcn/../imagenet/dataset_imagenet32.py:13: VisibleDeprecationWarning: dtype(): align should be passed as Python or NumPy boolean but got `align=0`. Did you mean to pass a tuple to create a subarray type? (Deprecated NumPy 2.4)
  data_dict = pickle.load(fo)
[ImageNet32Dataset] Loading: experiments/imagenet/data/Imagenet32_train/train_data_batch_2
[ImageNet32Dataset] Loading: experiments/imagenet/data/Imagenet32_train/train_data_batch_3
[ImageNet32Dataset] Loading: experiments/imagenet/data/Imagenet32_train/train_data_batch_4
[ImageNet32Dataset] Loading: experiments/imagenet/data/Imagenet32_train/train_data_batch_5
[ImageNet32Dataset] Loading: experiments/imagenet/data/Imagenet32_train/train_data_batch_6
[ImageNet32Dataset] Loading: experiments/imagenet/data/Imagenet32_train/train_data_batch_7
[ImageNet32Dataset] Loading: experiments/imagenet/data/Imagenet32_train/train_data_batch_8
[ImageNet32Dataset] Loading: experiments/imagenet/data/Imagenet32_train/train_data_batch_9
[ImageNet32Dataset] Loading: experiments/imagenet/data/Imagenet32_train/train_data_batch_10
[ImageNet32Dataset] Loaded total of 1281167 images.

  dtype    K_h    gamma |      v_cos norm_ratio rel_L2_err |       ps_cos     ps_ratio ps_rel_rms ps_par_rms ps_perp_rms |    nw_rel    nw_par    nw_perp
-------------------------------------------------------------------------------------------------------------------------------------------------------------
float32      1      1.0 |  1.000000045  0.999980912    5.110e-05 |  0.999999999  0.999979711  5.617e-05  2.948e-05   4.781e-05 | 5.183e-05 2.698e-05  4.426e-05
float32      1      2.0 |  1.000000015  0.999961779    1.023e-04 |  0.999999995  0.999959382  1.124e-04  5.900e-05   9.570e-05 | 1.038e-04 5.399e-05  8.861e-05
float32      1      3.0 |  1.000000015  0.999942690    1.535e-04 |  0.999999990  0.999939099  1.687e-04  8.849e-05   1.436e-04 | 1.557e-04 8.098e-05  1.330e-04
float32      1      5.0 |  1.000000015  0.999904454    2.562e-04 |  0.999999971  0.999898455  2.815e-04  1.475e-04   2.397e-04 | 2.599e-04 1.350e-04  2.221e-04
float32      1     10.0 |  0.999999821  0.999808550    5.139e-04 |  0.999999884  0.999796594  5.644e-04  2.954e-04   4.809e-04 | 5.217e-04 2.705e-04  4.461e-04
float32      1     20.0 |  0.999999523  0.999615893    1.034e-03 |  0.999999531  0.999592189  1.134e-03  5.919e-04   9.675e-04 | 1.051e-03 5.424e-04  8.998e-04
float32      1     30.0 |  0.999998912  0.999422058    1.560e-03 |  0.999998933  0.999386786  1.709e-03  8.896e-04   1.460e-03 | 1.587e-03 8.158e-04  1.361e-03
float32      1    100.0 |  0.999986753  0.998035222    5.381e-03 |  0.999987253  0.997924557  5.861e-03  2.996e-03   5.038e-03 | 5.513e-03 2.763e-03  4.770e-03

Read: cos -> 1 and ratio -> 1 as gamma -> 0 is the O(gamma) correspondence;
degradation at the SMALLEST gammas in float32 (absent in float64) is the
precision floor. K_h rows show the relaxation-budget dependence
(K_h = sweeps actually taken at inference; production FID runs used K_h=1).
######## ImageNet-32 UPPER GAMMA, CLAMP=10000, FLOAT64 (chunk 32) ########
ckpt=checkpoints_authors/imagenet32x32_warm_up_640000.pt (ema_model) step=640000  B=128 x 4 batches  clamp=10000.0  seed=0
[ImageNet32Dataset] Loading: experiments/imagenet/data/Imagenet32_train/train_data_batch_1
experiments/cifar10_pcn/../imagenet/dataset_imagenet32.py:13: VisibleDeprecationWarning: dtype(): align should be passed as Python or NumPy boolean but got `align=0`. Did you mean to pass a tuple to create a subarray type? (Deprecated NumPy 2.4)
  data_dict = pickle.load(fo)
[ImageNet32Dataset] Loading: experiments/imagenet/data/Imagenet32_train/train_data_batch_2
[ImageNet32Dataset] Loading: experiments/imagenet/data/Imagenet32_train/train_data_batch_3
[ImageNet32Dataset] Loading: experiments/imagenet/data/Imagenet32_train/train_data_batch_4
[ImageNet32Dataset] Loading: experiments/imagenet/data/Imagenet32_train/train_data_batch_5
[ImageNet32Dataset] Loading: experiments/imagenet/data/Imagenet32_train/train_data_batch_6
[ImageNet32Dataset] Loading: experiments/imagenet/data/Imagenet32_train/train_data_batch_7
[ImageNet32Dataset] Loading: experiments/imagenet/data/Imagenet32_train/train_data_batch_8
[ImageNet32Dataset] Loading: experiments/imagenet/data/Imagenet32_train/train_data_batch_9
[ImageNet32Dataset] Loading: experiments/imagenet/data/Imagenet32_train/train_data_batch_10
[ImageNet32Dataset] Loaded total of 1281167 images.

  dtype    K_h    gamma |      v_cos norm_ratio rel_L2_err |       ps_cos     ps_ratio ps_rel_rms ps_par_rms ps_perp_rms |    nw_rel    nw_par    nw_perp
-------------------------------------------------------------------------------------------------------------------------------------------------------------
float32      1      1.0 |  1.000000015  0.999980897    5.111e-05 |  0.999999999  0.999979703  5.618e-05  2.949e-05   4.782e-05 | 5.184e-05 2.698e-05  4.426e-05
float32      1      2.0 |  0.999999955  0.999961823    1.023e-04 |  0.999999995  0.999959390  1.124e-04  5.900e-05   9.570e-05 | 1.038e-04 5.399e-05  8.861e-05
float32      1      3.0 |  0.999999985  0.999942720    1.535e-04 |  0.999999990  0.999939089  1.687e-04  8.850e-05   1.436e-04 | 1.557e-04 8.099e-05  1.330e-04
float32      1      5.0 |  0.999999955  0.999904454    2.562e-04 |  0.999999971  0.999898451  2.815e-04  1.475e-04   2.397e-04 | 2.599e-04 1.350e-04  2.221e-04
float32      1     10.0 |  0.999999851  0.999808550    5.139e-04 |  0.999999884  0.999796582  5.644e-04  2.954e-04   4.809e-04 | 5.217e-04 2.705e-04  4.461e-04
float32      1     20.0 |  0.999999508  0.999615893    1.034e-03 |  0.999999531  0.999592188  1.134e-03  5.920e-04   9.675e-04 | 1.051e-03 5.424e-04  8.998e-04
float32      1     30.0 |  0.999998942  0.999422014    1.560e-03 |  0.999998933  0.999386776  1.710e-03  8.896e-04   1.460e-03 | 1.587e-03 8.158e-04  1.361e-03
float32      1    100.0 |  0.999986708  0.998035252    5.381e-03 |  0.999987253  0.997924554  5.861e-03  2.996e-03   5.038e-03 | 5.513e-03 2.763e-03  4.770e-03
float64      1      1.0 |  0.999999999  0.999980893    5.112e-05 |  0.999999999  0.999979688  5.620e-05  2.950e-05   4.783e-05 | 5.185e-05 2.699e-05  4.427e-05
float64      1      2.0 |  0.999999995  0.999961776    1.023e-04 |  0.999999995  0.999959368  1.124e-04  5.902e-05   9.572e-05 | 1.038e-04 5.400e-05  8.862e-05
float64      1      3.0 |  0.999999990  0.999942648    1.535e-04 |  0.999999990  0.999939039  1.688e-04  8.854e-05   1.437e-04 | 1.558e-04 8.102e-05  1.330e-04
float64      1      5.0 |  0.999999971  0.999904360    2.562e-04 |  0.999999971  0.999898356  2.815e-04  1.476e-04   2.397e-04 | 2.600e-04 1.351e-04  2.221e-04
float64      1     10.0 |  0.999999882  0.999808453    5.140e-04 |  0.999999884  0.999796495  5.644e-04  2.955e-04   4.809e-04 | 5.218e-04 2.706e-04  4.461e-04
float64      1     20.0 |  0.999999523  0.999615818    1.034e-03 |  0.999999531  0.999592104  1.134e-03  5.920e-04   9.676e-04 | 1.051e-03 5.425e-04  8.998e-04
float64      1     30.0 |  0.999998910  0.999422071    1.560e-03 |  0.999998933  0.999386804  1.710e-03  8.896e-04   1.460e-03 | 1.587e-03 8.158e-04  1.361e-03
float64      1    100.0 |  0.999986758  0.998035218    5.381e-03 |  0.999987253  0.997924534  5.861e-03  2.996e-03   5.038e-03 | 5.513e-03 2.763e-03  4.770e-03

Read: cos -> 1 and ratio -> 1 as gamma -> 0 is the O(gamma) correspondence;
degradation at the SMALLEST gammas in float32 (absent in float64) is the
precision floor. K_h rows show the relaxation-budget dependence
(K_h = sweeps actually taken at inference; production FID runs used K_h=1).
