ckpt=checkpoints_authors/imagenet32x32_warm_up_640000.pt (ema_model) step=640000  B=128 x 4 batches  clamp=10000.0  seed=0
[ImageNet32Dataset] Loading: experiments/imagenet/data/Imagenet32_train/train_data_batch_1
experiments/cifar10_pcn/../imagenet/dataset_imagenet32.py:13: VisibleDeprecationWarning: dtype(): align should be passed as Python or NumPy boolean but got `align=0`. Did you mean to pass a tuple to create a subarray type? (Deprecated NumPy 2.4)
  data_dict = pickle.load(fo)
[ImageNet32Dataset] Loading: experiments/imagenet/data/Imagenet32_train/train_data_batch_2
[ImageNet32Dataset] Loading: experiments/imagenet/data/Imagenet32_train/train_data_batch_3
[ImageNet32Dataset] Loading: experiments/imagenet/data/Imagenet32_train/train_data_batch_4
[ImageNet32Dataset] Loading: experiments/imagenet/data/Imagenet32_train/train_data_batch_5
[ImageNet32Dataset] Loading: experiments/imagenet/data/Imagenet32_train/train_data_batch_6
[ImageNet32Dataset] Loading: experiments/imagenet/data/Imagenet32_train/train_data_batch_7
[ImageNet32Dataset] Loading: experiments/imagenet/data/Imagenet32_train/train_data_batch_8
[ImageNet32Dataset] Loading: experiments/imagenet/data/Imagenet32_train/train_data_batch_9
[ImageNet32Dataset] Loading: experiments/imagenet/data/Imagenet32_train/train_data_batch_10
[ImageNet32Dataset] Loaded total of 1281167 images.

  dtype    K_h    gamma |      v_cos norm_ratio rel_L2_err |       ps_cos     ps_ratio ps_rel_rms ps_par_rms ps_perp_rms |    nw_rel    nw_par    nw_perp
-------------------------------------------------------------------------------------------------------------------------------------------------------------
float32      1   0.0001 |  1.000000000  1.000000000    3.823e-07 |  1.000000000  1.000000004  4.087e-07  1.624e-07   3.750e-07 | 3.824e-07 1.610e-07  3.468e-07
RESID float32   0.0001 | spring=7.160e-08 |V_old-V_new|=7.160e-01 |V_new-V_ff|=1.002e-01 |V_pred-V_ff|=2.728e-01 |V_ff|=9.098e+02 tanh(V_ff/c)=0.090 rel_factor_err_old=1.161e-05 rel_factor_err_new=1.813e-06 rel_factor_err_pred=5.004e-06
float32      1   0.0003 |  1.000000000  1.000000149    3.969e-07 |  1.000000000  1.000000096  4.257e-07  1.807e-07   3.855e-07 | 3.969e-07 1.795e-07  3.540e-07
RESID float32   0.0003 | spring=1.483e-07 |V_old-V_new|=4.942e-01 |V_new-V_ff|=3.006e-01 |V_pred-V_ff|=2.726e-01 |V_ff|=9.098e+02 tanh(V_ff/c)=0.090 rel_factor_err_old=7.106e-06 rel_factor_err_new=5.439e-06 rel_factor_err_pred=5.003e-06
float32      1    0.001 |  0.999999970  1.000000089    3.864e-07 |  1.000000000  1.000000039  4.135e-07  1.696e-07   3.771e-07 | 3.865e-07 1.697e-07  3.472e-07
RESID float32    0.001 | spring=7.323e-07 |V_old-V_new|=7.323e-01 |V_new-V_ff|=1.002e+00 |V_pred-V_ff|=2.721e-01 |V_ff|=9.098e+02 tanh(V_ff/c)=0.090 rel_factor_err_old=6.456e-06 rel_factor_err_new=1.813e-05 rel_factor_err_pred=5.001e-06
float32      1    0.003 |  1.000000000  0.999999970    4.125e-07 |  1.000000000  0.999999987  4.451e-07  1.773e-07   4.082e-07 | 4.126e-07 1.741e-07  3.741e-07
RESID float32    0.003 | spring=5.106e-06 |V_old-V_new|=1.702e+00 |V_new-V_ff|=3.006e+00 |V_pred-V_ff|=2.706e-01 |V_ff|=9.098e+02 tanh(V_ff/c)=0.090 rel_factor_err_old=2.458e-05 rel_factor_err_new=5.440e-05 rel_factor_err_pred=4.995e-06
float32      1     0.01 |  1.000000045  0.999999762    6.473e-07 |  1.000000000  0.999999794  7.020e-07  3.395e-07   6.145e-07 | 6.515e-07 3.186e-07  5.682e-07
RESID float32     0.01 | spring=5.198e-05 |V_old-V_new|=5.198e+00 |V_new-V_ff|=1.002e+01 |V_pred-V_ff|=2.656e-01 |V_ff|=9.098e+02 tanh(V_ff/c)=0.090 rel_factor_err_old=8.826e-05 rel_factor_err_new=1.813e-04 rel_factor_err_pred=4.979e-06
float32      1      0.1 |  1.000000000  0.999998152    5.116e-06 |  1.000000000  0.999998005  5.628e-06  2.940e-06   4.799e-06 | 5.190e-06 2.689e-06  4.439e-06
RESID float32      0.1 | spring=5.028e-03 |V_old-V_new|=5.028e+01 |V_new-V_ff|=1.002e+02 |V_pred-V_ff|=2.286e-01 |V_ff|=9.098e+02 tanh(V_ff/c)=0.090 rel_factor_err_old=9.043e-04 rel_factor_err_new=1.813e-03 rel_factor_err_pred=5.141e-06
float32      1      1.0 |  1.000000030  0.999980897    5.110e-05 |  0.999999999  0.999979705  5.618e-05  2.949e-05   4.782e-05 | 5.184e-05 2.698e-05  4.426e-05
RESID float32      1.0 | spring=5.012e-01 |V_old-V_new|=5.012e+02 |V_new-V_ff|=1.002e+03 |V_pred-V_ff|=1.778e+00 |V_ff|=9.098e+02 tanh(V_ff/c)=0.090 rel_factor_err_old=9.064e-03 rel_factor_err_new=1.813e-02 rel_factor_err_pred=3.318e-05
float64      1   0.0001 |  1.000000000  0.999999998    9.883e-09 |  1.000000000  0.999999998  1.075e-08  2.953e-09   1.034e-08 | 9.955e-09 2.708e-09  9.580e-09
RESID float64   0.0001 | spring=7.158e-08 |V_old-V_new|=7.158e-01 |V_new-V_ff|=1.002e-01 |V_pred-V_ff|=2.727e-01 |V_ff|=9.098e+02 tanh(V_ff/c)=0.090 rel_factor_err_old=1.160e-05 rel_factor_err_new=1.813e-06 rel_factor_err_pred=5.001e-06
float64      1   0.0003 |  1.000000000  0.999999994    1.821e-08 |  1.000000000  0.999999994  1.983e-08  8.834e-09   1.775e-08 | 1.838e-08 8.068e-09  1.652e-08
RESID float64   0.0003 | spring=1.482e-07 |V_old-V_new|=4.942e-01 |V_new-V_ff|=3.006e-01 |V_pred-V_ff|=2.726e-01 |V_ff|=9.098e+02 tanh(V_ff/c)=0.090 rel_factor_err_old=7.104e-06 rel_factor_err_new=5.440e-06 rel_factor_err_pred=5.000e-06
float64      1    0.001 |  1.000000000  0.999999981    5.205e-08 |  1.000000000  0.999999980  5.722e-08  2.954e-08   4.901e-08 | 5.271e-08 2.701e-08  4.526e-08
RESID float64    0.001 | spring=7.322e-07 |V_old-V_new|=7.322e-01 |V_new-V_ff|=1.002e+00 |V_pred-V_ff|=2.720e-01 |V_ff|=9.098e+02 tanh(V_ff/c)=0.090 rel_factor_err_old=6.455e-06 rel_factor_err_new=1.813e-05 rel_factor_err_pred=4.998e-06
float64      1    0.003 |  1.000000000  0.999999943    1.538e-07 |  1.000000000  0.999999939  1.690e-07  8.851e-08   1.440e-07 | 1.559e-07 8.097e-08  1.333e-07
RESID float64    0.003 | spring=5.106e-06 |V_old-V_new|=1.702e+00 |V_new-V_ff|=3.006e+00 |V_pred-V_ff|=2.705e-01 |V_ff|=9.098e+02 tanh(V_ff/c)=0.090 rel_factor_err_old=2.458e-05 rel_factor_err_new=5.440e-05 rel_factor_err_pred=4.992e-06
float64      1     0.01 |  1.000000000  0.999999809    5.109e-07 |  1.000000000  0.999999797  5.618e-07  2.950e-07   4.781e-07 | 5.182e-07 2.699e-07  4.424e-07
RESID float64     0.01 | spring=5.198e-05 |V_old-V_new|=5.198e+00 |V_new-V_ff|=1.002e+01 |V_pred-V_ff|=2.655e-01 |V_ff|=9.098e+02 tanh(V_ff/c)=0.090 rel_factor_err_old=8.826e-05 rel_factor_err_new=1.813e-04 rel_factor_err_pred=4.976e-06
float64      1      0.1 |  1.000000000  0.999998090    5.109e-06 |  1.000000000  0.999997969  5.617e-06  2.950e-06   4.780e-06 | 5.182e-06 2.699e-06  4.424e-06
RESID float64      0.1 | spring=5.028e-03 |V_old-V_new|=5.028e+01 |V_new-V_ff|=1.002e+02 |V_pred-V_ff|=2.285e-01 |V_ff|=9.098e+02 tanh(V_ff/c)=0.090 rel_factor_err_old=9.043e-04 rel_factor_err_new=1.813e-03 rel_factor_err_pred=5.138e-06
float64      1      1.0 |  0.999999999  0.999980893    5.112e-05 |  0.999999999  0.999979688  5.620e-05  2.950e-05   4.783e-05 | 5.185e-05 2.699e-05  4.427e-05
RESID float64      1.0 | spring=5.012e-01 |V_old-V_new|=5.012e+02 |V_new-V_ff|=1.002e+03 |V_pred-V_ff|=1.778e+00 |V_ff|=9.098e+02 tanh(V_ff/c)=0.090 rel_factor_err_old=9.064e-03 rel_factor_err_new=1.813e-02 rel_factor_err_pred=3.318e-05

Read: cos -> 1 and ratio -> 1 as gamma -> 0 is the O(gamma) correspondence;
degradation at the SMALLEST gammas in float32 (absent in float64) is the
precision floor. K_h rows show the relaxation-budget dependence
(K_h = sweeps actually taken at inference; production FID runs used K_h=1).
