######## ImageNet-32, unclamped, matmul fp32 + cuDNN TF32 ########
ckpt=checkpoints_authors/imagenet32x32_warm_up_640000.pt (ema_model) step=640000  B=128 x 4 batches  clamp=None  seed=0
[ImageNet32Dataset] Loading: experiments/imagenet/data/Imagenet32_train/train_data_batch_1
experiments/cifar10_pcn/../imagenet/dataset_imagenet32.py:13: VisibleDeprecationWarning: dtype(): align should be passed as Python or NumPy boolean but got `align=0`. Did you mean to pass a tuple to create a subarray type? (Deprecated NumPy 2.4)
  data_dict = pickle.load(fo)
[ImageNet32Dataset] Loading: experiments/imagenet/data/Imagenet32_train/train_data_batch_2
[ImageNet32Dataset] Loading: experiments/imagenet/data/Imagenet32_train/train_data_batch_3
[ImageNet32Dataset] Loading: experiments/imagenet/data/Imagenet32_train/train_data_batch_4
[ImageNet32Dataset] Loading: experiments/imagenet/data/Imagenet32_train/train_data_batch_5
[ImageNet32Dataset] Loading: experiments/imagenet/data/Imagenet32_train/train_data_batch_6
[ImageNet32Dataset] Loading: experiments/imagenet/data/Imagenet32_train/train_data_batch_7
[ImageNet32Dataset] Loading: experiments/imagenet/data/Imagenet32_train/train_data_batch_8
[ImageNet32Dataset] Loading: experiments/imagenet/data/Imagenet32_train/train_data_batch_9
[ImageNet32Dataset] Loading: experiments/imagenet/data/Imagenet32_train/train_data_batch_10
[ImageNet32Dataset] Loaded total of 1281167 images.

  dtype    K_h    gamma |      v_cos norm_ratio rel_L2_err |       ps_cos     ps_ratio ps_rel_rms ps_par_rms ps_perp_rms |    nw_rel    nw_par    nw_perp
-------------------------------------------------------------------------------------------------------------------------------------------------------------
float32      1   0.0001 |  1.000000045  1.000000134    1.932e-04 |  0.999999978  1.000000151  2.077e-04  7.481e-06   2.076e-04 | 1.934e-04 7.420e-06  1.932e-04
float32      1   0.0003 |  0.999999970  1.000000179    1.953e-04 |  0.999999978  1.000000179  2.100e-04  7.430e-06   2.099e-04 | 1.954e-04 7.341e-06  1.953e-04
float32      1    0.001 |  0.999999985  1.000000626    1.962e-04 |  0.999999978  1.000000647  2.107e-04  7.605e-06   2.106e-04 | 1.963e-04 7.531e-06  1.962e-04
float32      1    0.003 |  0.999999970  1.000002712    1.971e-04 |  0.999999978  1.000002735  2.120e-04  1.131e-05   2.117e-04 | 1.973e-04 1.120e-05  1.970e-04
float32      1     0.01 |  0.999999970  1.000003457    1.975e-04 |  0.999999978  1.000003436  2.123e-04  1.429e-05   2.119e-04 | 1.976e-04 1.406e-05  1.971e-04
float32      1     0.03 |  0.999999970  1.000023842    2.042e-04 |  0.999999977  1.000024002  2.196e-04  4.759e-05   2.144e-04 | 2.044e-04 4.734e-05  1.988e-04
float32      1      0.1 |  0.999999985  1.000100672    2.371e-04 |  0.999999977  1.000104140  2.513e-04  1.305e-04   2.148e-04 | 2.372e-04 1.276e-04  2.000e-04
float32      1      0.3 |  1.000000000  1.000065029    2.135e-04 |  0.999999977  1.000063739  2.275e-04  7.582e-05   2.145e-04 | 2.137e-04 7.754e-05  1.991e-04
float32      1      1.0 |  0.999999970  0.999995574    1.839e-04 |  0.999999981  0.999995168  1.985e-04  4.052e-05   1.943e-04 | 1.844e-04 4.228e-05  1.795e-04

Read: cos -> 1 and ratio -> 1 as gamma -> 0 is the O(gamma) correspondence;
degradation at the SMALLEST gammas in float32 (absent in float64) is the
precision floor. K_h rows show the relaxation-budget dependence
(K_h = sweeps actually taken at inference; production FID runs used K_h=1).
######## ImageNet-32, folded clamp c=1e4, matmul fp32 + cuDNN TF32 ########
ckpt=checkpoints_authors/imagenet32x32_warm_up_640000.pt (ema_model) step=640000  B=128 x 4 batches  clamp=10000.0  seed=0
[ImageNet32Dataset] Loading: experiments/imagenet/data/Imagenet32_train/train_data_batch_1
experiments/cifar10_pcn/../imagenet/dataset_imagenet32.py:13: VisibleDeprecationWarning: dtype(): align should be passed as Python or NumPy boolean but got `align=0`. Did you mean to pass a tuple to create a subarray type? (Deprecated NumPy 2.4)
  data_dict = pickle.load(fo)
[ImageNet32Dataset] Loading: experiments/imagenet/data/Imagenet32_train/train_data_batch_2
[ImageNet32Dataset] Loading: experiments/imagenet/data/Imagenet32_train/train_data_batch_3
[ImageNet32Dataset] Loading: experiments/imagenet/data/Imagenet32_train/train_data_batch_4
[ImageNet32Dataset] Loading: experiments/imagenet/data/Imagenet32_train/train_data_batch_5
[ImageNet32Dataset] Loading: experiments/imagenet/data/Imagenet32_train/train_data_batch_6
[ImageNet32Dataset] Loading: experiments/imagenet/data/Imagenet32_train/train_data_batch_7
[ImageNet32Dataset] Loading: experiments/imagenet/data/Imagenet32_train/train_data_batch_8
[ImageNet32Dataset] Loading: experiments/imagenet/data/Imagenet32_train/train_data_batch_9
[ImageNet32Dataset] Loading: experiments/imagenet/data/Imagenet32_train/train_data_batch_10
[ImageNet32Dataset] Loaded total of 1281167 images.

  dtype    K_h    gamma |      v_cos norm_ratio rel_L2_err |       ps_cos     ps_ratio ps_rel_rms ps_par_rms ps_perp_rms |    nw_rel    nw_par    nw_perp
-------------------------------------------------------------------------------------------------------------------------------------------------------------
float32      1   0.0001 |  1.000000030  0.999999747    1.923e-04 |  0.999999978  0.999999775  2.086e-04  8.067e-06   2.085e-04 | 1.924e-04 7.849e-06  1.923e-04
float32      1   0.0003 |  1.000000060  0.999999896    1.946e-04 |  0.999999978  0.999999841  2.106e-04  7.764e-06   2.105e-04 | 1.948e-04 7.662e-06  1.946e-04
float32      1    0.001 |  1.000000030  1.000000209    1.957e-04 |  0.999999978  1.000000247  2.120e-04  8.268e-06   2.119e-04 | 1.959e-04 8.089e-06  1.957e-04
float32      1    0.003 |  1.000000000  1.000002712    1.965e-04 |  0.999999977  1.000002627  2.129e-04  1.232e-05   2.125e-04 | 1.966e-04 1.225e-05  1.963e-04
float32      1     0.01 |  1.000000045  1.000003636    1.965e-04 |  0.999999978  1.000003596  2.126e-04  1.449e-05   2.121e-04 | 1.966e-04 1.438e-05  1.961e-04
float32      1     0.03 |  1.000000000  1.000024557    2.036e-04 |  0.999999977  1.000024129  2.194e-04  4.834e-05   2.140e-04 | 2.037e-04 4.855e-05  1.978e-04
float32      1      0.1 |  1.000000000  1.000102699    2.368e-04 |  0.999999977  1.000105501  2.520e-04  1.310e-04   2.153e-04 | 2.369e-04 1.284e-04  1.991e-04
float32      1      0.3 |  1.000000000  1.000066996    2.144e-04 |  0.999999977  1.000066083  2.294e-04  8.022e-05   2.150e-04 | 2.145e-04 8.128e-05  1.985e-04
float32      1      1.0 |  1.000000030  1.000002265    1.769e-04 |  0.999999982  1.000000940  1.937e-04  2.814e-05   1.917e-04 | 1.773e-04 2.693e-05  1.752e-04

Read: cos -> 1 and ratio -> 1 as gamma -> 0 is the O(gamma) correspondence;
degradation at the SMALLEST gammas in float32 (absent in float64) is the
precision floor. K_h rows show the relaxation-budget dependence
(K_h = sweeps actually taken at inference; production FID runs used K_h=1).
