/rds/user/apg59/hpc-work/EnergyMatchingEqProp/.venv/lib/python3.14/site-packages/torchvision/datasets/cifar.py:83: VisibleDeprecationWarning: dtype(): align should be passed as Python or NumPy boolean but got `align=0`. Did you mean to pass a tuple to create a subarray type? (Deprecated NumPy 2.4)
   linear  1.0    1   14    6  0.01   1.0    1 |   0.3407   1.0000    52
   linear  1.0    1   14    6  0.03   1.0    1 |   0.3407   1.0000    52
   linear  1.0    1   14    6   0.1   1.0    1 |   0.3407   1.0000    52
   linear  1.0    1   14    6   0.3   1.0    1 |   0.3407   1.0000    52
   linear  1.0    1   14    6   1.0   1.0    1 |   0.3407   1.0000    52
   linear  1.0    1   14    6   2.0   1.0    1 |   0.3407   1.0000    52
   linear  1.0    1   14    6   3.0   1.0    1 |   0.3407   1.0000    52
   linear  1.0    1   14    6   5.0   1.0    1 |   0.3407   1.0000    52
   linear  1.0    1   14    6  10.0   1.0    1 |   0.3407   1.0000    52
   linear  1.0    1   14    6  30.0   1.0    1 |   0.3410   0.9999    52
   linear  1.0    1   14    6 100.0   1.0    1 |   0.3398   0.9994    52
   linear  1.0    1   14    6 300.0   1.0    1 |   0.3366   0.9984    52
   linear  1.0    1   14    6 1000.0   1.0    1 |   0.3224   0.9914    52
   linear  1.0    1   14    6 3000.0   1.0    1 |   0.2884   0.9504    52
   linear  1.0    1   14    6 10000.0   1.0    1 |   0.2623   0.8871    52
quadratic  1.0    1   14    6  0.01   1.0    1 |   0.3407   1.0000    52
quadratic  1.0    1   14    6  0.03   1.0    1 |   0.3410   1.0000    52
quadratic  1.0    1   14    6   0.1   1.0    1 |   0.3441   1.0000    52
quadratic  1.0    1   14    6   0.3   1.0    1 |   0.3740   1.0000    52
quadratic  1.0    1   14    6   1.0   1.0    1 |   1.0156   0.9997    52
quadratic  1.0    1   14    6   2.0   1.0    1 |   6.5828   0.9120    52
quadratic  1.0    1   14    6   3.0   1.0    1 |  28.2215   0.4698    52
quadratic  1.0    1   14    6   5.0   1.0    1 | 886.7772  -0.1780    52
quadratic  1.0    1   14    6  10.0   1.0    1 | 272.6879   0.0590    52
quadratic  1.0    1   14    6  30.0   1.0    1 |   1.6776   0.1076    52
quadratic  1.0    1   14    6 100.0   1.0    1 |   0.5351   0.1003    52
quadratic  1.0    1   14    6 300.0   1.0    1 |   0.1785   0.0998    52
quadratic  1.0    1   14    6 1000.0   1.0    1 |   0.0536   0.0996    52
quadratic  1.0    1   14    6 3000.0   1.0    1 |   0.0179   0.0996    52
quadratic  1.0    1   14    6 10000.0   1.0    1 |   0.0054   0.0996    52
     linear: lam=1.0 K_h=1 T_free=14 T_nudge=6 beta=5.0 dt=1.0 3ph=1 -> cos=1.0000, cost=52
  quadratic: lam=1.0 K_h=1 T_free=14 T_nudge=6 beta=0.1 dt=1.0 3ph=1 -> cos=1.0000, cost=52
Exit code: 0
