######## dt=1.0 budget=1:14:6 ########
quadratic  1.0    1   14    6   1.0   1.0    1 |   1.4567   0.9784    52
quadratic  1.0    1   14    6   2.0   1.0    1 |   9.9268   0.9985    52
quadratic  1.0    1   14    6   3.0   1.0    1 |  38.9875   0.8495    52
quadratic  1.0    1   14    6   5.0   1.0    1 | 868.5609   0.0386    52
quadratic  1.0    1   14    6  10.0   1.0    1 | 227.3770   0.0807    52
quadratic  1.0    1   14    6  20.0   1.0    1 |   1.6460   0.1545    52
quadratic  1.0    1   14    6  30.0   1.0    1 |   1.5443   0.1077    52
   linear  1.0    1   14    6   1.0   1.0    1 |   0.5469   0.9553    52
   linear  1.0    1   14    6   2.0   1.0    1 |   0.5168   0.9654    52
   linear  1.0    1   14    6   3.0   1.0    1 |   0.4869   0.9805    52
   linear  1.0    1   14    6   5.0   1.0    1 |   0.4935   0.9925    52
   linear  1.0    1   14    6  10.0   1.0    1 |   0.4801   0.9987    52
   linear  1.0    1   14    6  20.0   1.0    1 |   0.4790   0.9996    52
   linear  1.0    1   14    6  30.0   1.0    1 |   0.4760   0.9989    52
  quadratic: lam=1.0 K_h=1 T_free=14 T_nudge=6 beta=2.0 dt=1.0 3ph=1 -> cos=0.9985, cost=52
     linear: lam=1.0 K_h=1 T_free=14 T_nudge=6 beta=20.0 dt=1.0 3ph=1 -> cos=0.9996, cost=52
######## dt=0.5 budget=1:28:12 ########
quadratic  1.0    1   28   12   1.0   0.5    1 |   1.5903   0.9776   104
quadratic  1.0    1   28   12   2.0   0.5    1 |  30.0243   0.9969   104
quadratic  1.0    1   28   12   3.0   0.5    1 | 523.5588   0.5027   104
quadratic  1.0    1   28   12   5.0   0.5    1 | 16483.2879  -0.2750   104
quadratic  1.0    1   28   12  10.0   0.5    1 |  14.3445   0.1549   104
quadratic  1.0    1   28   12  20.0   0.5    1 |   1.5890   0.1248   104
quadratic  1.0    1   28   12  30.0   0.5    1 |   1.2283   0.1105   104
   linear  1.0    1   28   12   1.0   0.5    1 |   0.5332   0.9510   104
   linear  1.0    1   28   12   2.0   0.5    1 |   0.5370   0.9530   104
   linear  1.0    1   28   12   3.0   0.5    1 |   0.5109   0.9696   104
   linear  1.0    1   28   12   5.0   0.5    1 |   0.4918   0.9955   104
   linear  1.0    1   28   12  10.0   0.5    1 |   0.4831   0.9984   104
   linear  1.0    1   28   12  20.0   0.5    1 |   0.4815   0.9984   104
   linear  1.0    1   28   12  30.0   0.5    1 |   0.4756   0.9992   104
  quadratic: lam=1.0 K_h=1 T_free=28 T_nudge=12 beta=2.0 dt=0.5 3ph=1 -> cos=0.9969, cost=104
     linear: lam=1.0 K_h=1 T_free=28 T_nudge=12 beta=30.0 dt=0.5 3ph=1 -> cos=0.9992, cost=104
######## dt=0.1 budget=1:140:60 ########
quadratic  1.0    1  140   60   1.0   0.1    1 |   1.5922   0.9845   520
quadratic  1.0    1  140   60   2.0   0.1    1 |  67.3031   0.9820   520
quadratic  1.0    1  140   60   3.0   0.1    1 | 14931.2334  -0.1448   520
quadratic  1.0    1  140   60   5.0   0.1    1 | 17562.5818  -0.2351   520
quadratic  1.0    1  140   60  10.0   0.1    1 | 8780.8143  -0.2350   520
quadratic  1.0    1  140   60  20.0   0.1    1 | 3050.8642  -0.4081   520
quadratic  1.0    1  140   60  30.0   0.1    1 | 2221.1494  -0.0631   520
   linear  1.0    1  140   60   1.0   0.1    1 |   0.5832   0.8883   520
   linear  1.0    1  140   60   2.0   0.1    1 |   0.5098   0.9628   520
   linear  1.0    1  140   60   3.0   0.1    1 |   0.4992   0.9854   520
   linear  1.0    1  140   60   5.0   0.1    1 |   0.4654   0.9951   520
   linear  1.0    1  140   60  10.0   0.1    1 |   0.4694   0.9979   520
   linear  1.0    1  140   60  20.0   0.1    1 |   0.4603   0.9991   520
   linear  1.0    1  140   60  30.0   0.1    1 |   0.4589   0.9988   520
  quadratic: NONE reached 0.99; best cos=0.9845 at lam=1.0 K_h=1 T_free=140 T_nudge=60 beta=1.0 dt=0.1 3ph=1 (raise budget or revisit gamma)
     linear: lam=1.0 K_h=1 T_free=140 T_nudge=60 beta=20.0 dt=0.1 3ph=1 -> cos=0.9991, cost=520
Exit code: 0
