######## gamma_code=0.01 ########
   linear  1.0    1   14    6   0.3   1.0    1 |   2.2623  -0.0657    52
   linear  1.0    1   14    6   1.0   1.0    1 |   0.7152   0.2489    52
   linear  1.0    1   14    6   3.0   1.0    1 |   0.2951   0.2517    52
   linear  1.0    1   14    6  10.0   1.0    1 |   0.2563   0.5490    52
   linear  1.0    1   14    6  30.0   1.0    1 |   0.2501   0.5069    52
   linear  1.0    1   14    6 100.0   1.0    1 |   0.2497   0.5115    52
     linear: NONE reached 0.99; best cos=0.5490 at lam=1.0 K_h=1 T_free=14 T_nudge=6 beta=10.0 dt=1.0 3ph=1 (raise budget or revisit gamma)
######## gamma_code=0.03 ########
   linear  1.0    1   14    6   0.3   1.0    1 |   0.6715   0.2075    52
   linear  1.0    1   14    6   1.0   1.0    1 |   0.3652   0.8083    52
   linear  1.0    1   14    6   3.0   1.0    1 |   0.3421   0.9714    52
   linear  1.0    1   14    6  10.0   1.0    1 |   0.3322   0.9952    52
   linear  1.0    1   14    6  30.0   1.0    1 |   0.3301   0.9978    52
   linear  1.0    1   14    6 100.0   1.0    1 |   0.3312   0.9983    52
     linear: lam=1.0 K_h=1 T_free=14 T_nudge=6 beta=100.0 dt=1.0 3ph=1 -> cos=0.9983, cost=52
######## gamma_code=0.1 ########
   linear  1.0    1   14    6   0.3   1.0    1 |   0.4146   0.8423    52
   linear  1.0    1   14    6   1.0   1.0    1 |   0.3217   0.9807    52
   linear  1.0    1   14    6   3.0   1.0    1 |   0.3133   0.9970    52
   linear  1.0    1   14    6  10.0   1.0    1 |   0.3123   0.9996    52
   linear  1.0    1   14    6  30.0   1.0    1 |   0.3135   0.9999    52
   linear  1.0    1   14    6 100.0   1.0    1 |   0.3110   0.9997    52
     linear: lam=1.0 K_h=1 T_free=14 T_nudge=6 beta=30.0 dt=1.0 3ph=1 -> cos=0.9999, cost=52
######## gamma_code=1.0 ########
   linear  1.0    1   14    6   0.3   1.0    1 |   0.3114   0.9964    52
   linear  1.0    1   14    6   1.0   1.0    1 |   0.3082   0.9994    52
   linear  1.0    1   14    6   3.0   1.0    1 |   0.3092   0.9997    52
   linear  1.0    1   14    6  10.0   1.0    1 |   0.3077   0.9996    52
   linear  1.0    1   14    6  30.0   1.0    1 |   0.3057   0.9990    52
   linear  1.0    1   14    6 100.0   1.0    1 |   0.2939   0.9969    52
     linear: lam=1.0 K_h=1 T_free=14 T_nudge=6 beta=3.0 dt=1.0 3ph=1 -> cos=0.9997, cost=52
######## gamma_code=10.0 ########
   linear  1.0    1   14    6   0.3   1.0    1 |   0.2808   0.9890    52
   linear  1.0    1   14    6   1.0   1.0    1 |   0.2928   0.9950    52
   linear  1.0    1   14    6   3.0   1.0    1 |   0.2917   0.9960    52
   linear  1.0    1   14    6  10.0   1.0    1 |   0.2842   0.9949    52
   linear  1.0    1   14    6  30.0   1.0    1 |   0.2580   0.9836    52
   linear  1.0    1   14    6 100.0   1.0    1 |   0.2459   0.9721    52
     linear: lam=1.0 K_h=1 T_free=14 T_nudge=6 beta=3.0 dt=1.0 3ph=1 -> cos=0.9960, cost=52
######## gamma_code=100.0 ########
   linear  1.0    1   14    6   0.3   1.0    1 |   0.2952   0.4395    52
   linear  1.0    1   14    6   1.0   1.0    1 |   0.2986   0.8746    52
   linear  1.0    1   14    6   3.0   1.0    1 |   0.1713   0.3620    52
   linear  1.0    1   14    6  10.0   1.0    1 |   0.2641   0.5965    52
   linear  1.0    1   14    6  30.0   1.0    1 |   0.4119   0.3374    52
   linear  1.0    1   14    6 100.0   1.0    1 |   0.1461   0.2578    52
     linear: NONE reached 0.99; best cos=0.8746 at lam=1.0 K_h=1 T_free=14 T_nudge=6 beta=1.0 dt=1.0 3ph=1 (raise budget or revisit gamma)
Exit code: 0
