######## gamma=0.001 T_free=5 ########
  0.001 |    0.4782    7.4232 |       1.0000     -0.9356     -0.9357
######## gamma=0.001 T_free=8 ########
  0.001 |    0.4782    7.1883 |       1.0000     -0.9310     -0.9311
######## gamma=0.001 T_free=10 ########
  0.001 |    0.4782    7.3699 |       1.0000     -0.9256     -0.9256
######## gamma=0.001 T_free=12 ########
  0.001 |    0.4782    7.0719 |       1.0000     -0.9266     -0.9267
######## gamma=0.001 T_free=14 ########
  0.001 |    0.4782    7.0410 |       1.0000     -0.9263     -0.9263
######## gamma=0.001 T_free=20 ########
  0.001 |    0.4782    7.0664 |       1.0000     -0.9266     -0.9267
######## gamma=0.001 T_free=30 ########
  0.001 |    0.4782    7.1202 |       1.0000     -0.9307     -0.9308
######## gamma=0.01 T_free=5 ########
   0.01 |    0.4782    0.8171 |       1.0000     -0.9053     -0.9054
######## gamma=0.01 T_free=8 ########
   0.01 |    0.4782    0.2650 |       1.0000      0.6362      0.6362
######## gamma=0.01 T_free=10 ########
   0.01 |    0.4782    0.3718 |       1.0000      0.9034      0.9034
######## gamma=0.01 T_free=12 ########
   0.01 |    0.4782    0.4153 |       1.0000      0.9130      0.9131
######## gamma=0.01 T_free=14 ########
   0.01 |    0.4782    0.4050 |       1.0000      0.9201      0.9202
######## gamma=0.01 T_free=20 ########
   0.01 |    0.4782    0.4184 |       1.0000      0.9193      0.9193
######## gamma=0.01 T_free=30 ########
   0.01 |    0.4782    0.4238 |       1.0000      0.9370      0.9370
######## gamma=0.1 T_free=5 ########
    0.1 |    0.4781    0.7303 |       1.0000     -0.9019     -0.9019
######## gamma=0.1 T_free=8 ########
    0.1 |    0.4781    0.2799 |       1.0000      0.9556      0.9556
######## gamma=0.1 T_free=10 ########
    0.1 |    0.4781    0.4109 |       1.0000      0.9966      0.9966
######## gamma=0.1 T_free=12 ########
    0.1 |    0.4781    0.4514 |       1.0000      0.9993      0.9993
######## gamma=0.1 T_free=14 ########
    0.1 |    0.4781    0.4657 |       1.0000      0.9989      0.9989
######## gamma=0.1 T_free=20 ########
    0.1 |    0.4781    0.4733 |       1.0000      0.9985      0.9985
######## gamma=0.1 T_free=30 ########
    0.1 |    0.4781    0.4712 |       1.0000      0.9989      0.9989
######## gamma=0.3 T_free=5 ########
    0.3 |    0.4781    0.7287 |       1.0000     -0.9019     -0.9019
######## gamma=0.3 T_free=8 ########
    0.3 |    0.4781    0.2773 |       1.0000      0.9512      0.9512
######## gamma=0.3 T_free=10 ########
    0.3 |    0.4781    0.4103 |       1.0000      0.9982      0.9982
######## gamma=0.3 T_free=12 ########
    0.3 |    0.4781    0.4529 |       1.0000      0.9997      0.9997
######## gamma=0.3 T_free=14 ########
    0.3 |    0.4781    0.4648 |       1.0000      0.9998      0.9998
######## gamma=0.3 T_free=20 ########
    0.3 |    0.4781    0.4699 |       1.0000      0.9999      0.9999
######## gamma=0.3 T_free=30 ########
    0.3 |    0.4781    0.4696 |       1.0000      0.9998      0.9998
######## per-group gamma=0.01 T_free=5 ########
  [EP grad by group] time_embed: cos=0.7808 |g_ffn|=1.80e-03 |g_ep|=2.21e-03  unet: cos=-0.3596 |g_ffn|=1.37e-01 |g_ep|=3.23e-01  vit: cos=-0.9757 |g_ffn|=2.73e-01 |g_ep|=9.94e-01
  [EP grad] worst-5 per-tensor cos: [('norm2.bias', -1.0), ('out_proj.bias', -1.0), ('norm1.bias', -0.9999), ('patch_embed.bias', -0.9998), ('out_proj.bias', -0.9998)]
C. EP-vs-backprop param-grad cos: -0.84356
######## per-group gamma=0.01 T_free=30 ########
  [EP grad by group] time_embed: cos=0.8487 |g_ffn|=1.80e-03 |g_ep|=2.11e-03  unet: cos=0.6897 |g_ffn|=1.37e-01 |g_ep|=1.67e-01  vit: cos=0.4111 |g_ffn|=2.73e-01 |g_ep|=1.59e-01
  [EP grad] worst-5 per-tensor cos: [('self_attn.in_proj_weight', -0.5206), ('out_proj.weight', -0.3902), ('self_attn.in_proj_bias', -0.1719), ('self_attn.in_proj_weight', -0.0565), ('0.weight', 0.0209)]
C. EP-vs-backprop param-grad cos: 0.65947
######## per-group gamma=0.001 T_free=30 ########
  [EP grad by group] time_embed: cos=0.2681 |g_ffn|=1.80e-03 |g_ep|=1.04e-02  unet: cos=-0.5496 |g_ffn|=1.37e-01 |g_ep|=1.96e+00  vit: cos=-0.9939 |g_ffn|=2.73e-01 |g_ep|=5.97e+00
  [EP grad] worst-5 per-tensor cos: [('out_proj.bias', -1.0), ('linear2.bias', -1.0), ('norm2.bias', -1.0), ('linear2.bias', -0.9999), ('out_proj.bias', -0.9999)]
C. EP-vs-backprop param-grad cos: -0.89277
######## per-group gamma=0.1 T_free=5 ########
  [EP grad by group] time_embed: cos=0.9284 |g_ffn|=1.80e-03 |g_ep|=1.86e-03  unet: cos=-0.2948 |g_ffn|=1.37e-01 |g_ep|=2.98e-01  vit: cos=-0.9949 |g_ffn|=2.73e-01 |g_ep|=7.92e-01
  [EP grad] worst-5 per-tensor cos: [('linear2.bias', -1.0), ('norm2.weight', -0.9999), ('out_proj.bias', -0.9999), ('patch_embed.bias', -0.9999), ('norm2.bias', -0.9999)]
C. EP-vs-backprop param-grad cos: -0.83777
Exit code: 0
