######## gamma=0.001 T_free=6 ########
  0.001 |    0.4243    7.4208 |       1.0000     -0.9712     -0.9712
######## gamma=0.001 T_free=7 ########
  0.001 |    0.4243    7.4365 |       1.0000     -0.9562     -0.9562
######## gamma=0.001 T_free=9 ########
  0.001 |    0.4243    7.1898 |       1.0000     -0.9681     -0.9681
######## gamma=0.01 T_free=6 ########
   0.01 |    0.4243    0.4416 |       1.0000     -0.7526     -0.7526
######## gamma=0.01 T_free=7 ########
   0.01 |    0.4243    0.2689 |       1.0000     -0.0457     -0.0458
######## gamma=0.01 T_free=9 ########
   0.01 |    0.4243    0.3334 |       1.0000      0.6011      0.6011
######## gamma=0.1 T_free=6 ########
    0.1 |    0.4243    0.2796 |       1.0000     -0.8105     -0.8105
######## gamma=0.1 T_free=7 ########
    0.1 |    0.4243    0.1171 |       1.0000      0.4391      0.4390
######## gamma=0.1 T_free=9 ########
    0.1 |    0.4243    0.3102 |       1.0000      0.9932      0.9932
######## gamma=0.3 T_free=6 ########
    0.3 |    0.4242    0.2787 |       1.0000     -0.8116     -0.8116
######## gamma=0.3 T_free=7 ########
    0.3 |    0.4242    0.1150 |       1.0000      0.4401      0.4401
######## gamma=0.3 T_free=9 ########
    0.3 |    0.4242    0.3088 |       1.0000      0.9954      0.9954
######## batch-size ceiling (N_batch=1, gamma_code 0.1) ########
==== B=16 ====
    0.1 |    0.4243    0.4167 |       1.0000      0.9982      0.9982
0 MiB, 81920 MiB
==== B=32 ====
    0.1 |    0.3539    0.3427 |       1.0000      0.9998      0.9998
0 MiB, 81920 MiB
==== B=48 ====
    0.1 |    0.3115    0.2983 |       1.0000      0.9999      0.9998
0 MiB, 81920 MiB
==== B=64 ====
    0.1 |    0.3296    0.3204 |       1.0000      0.9999      0.9999
0 MiB, 81920 MiB
==== B=96 ====
    0.1 |    0.3421    0.3289 |       1.0000      0.9999      0.9999
0 MiB, 81920 MiB
==== B=128 ====
    0.1 |    0.3194    0.3078 |       1.0000      0.9999      0.9999
0 MiB, 81920 MiB
Exit code: 0
