######## (a) float64, low gamma ########
ckpt=results_cifar10_pcn/in_paper/in_paper_fid_calculation_train_backprop_infer_pcn/checkpoint_warmup_145000.pt [net_model] format=ebvit
device=cuda dtype=torch.float64 batch=8 N_batch=2
EP budget: K_h=1 T_free=14 T_nudge=6 beta=30.0 nudge=linear | IFT: K_h=2 n_cg=10

  entry = pickle.load(f, encoding="latin1")
Traceback (most recent call last):
  File "experiments/cifar10_pcn/diag_ep_vs_ift_vs_ffn.py", line 127, in <module>
    g_ff = [ffn_grad(*BATCHES[b]) for b in range(N_BATCH)]
            ~~~~~~~~^^^^^^^^^^^^^
  File "experiments/cifar10_pcn/diag_ep_vs_ift_vs_ffn.py", line 122, in ffn_grad
    v = ffn.velocity(xt, t)
  File "experiments/cifar10_pcn/network_unet.py", line 465, in velocity
    V = self.potential(x, t)
  File "experiments/cifar10_pcn/network_unet.py", line 444, in potential
    unet_out = super().forward(t_dummy, x)
  File ".venv/lib/python3.14/site-packages/torchcfm/models/unet/unet.py", line 925, in forward
    return super().forward(t, x, y=y)
           ~~~~~~~~~~~~~~~^^^^^^^^^^^
  File ".venv/lib/python3.14/site-packages/torchcfm/models/unet/unet.py", line 626, in forward
    h = module(h, emb)
  File ".venv/lib/python3.14/site-packages/torch/nn/modules/module.py", line 1776, in _wrapped_call_impl
    return self._call_impl(*args, **kwargs)
           ~~~~~~~~~~~~~~~^^^^^^^^^^^^^^^^^
  File ".venv/lib/python3.14/site-packages/torch/nn/modules/module.py", line 1787, in _call_impl
    return forward_call(*args, **kwargs)
  File ".venv/lib/python3.14/site-packages/torchcfm/models/unet/unet.py", line 67, in forward
    x = layer(x, emb)
  File ".venv/lib/python3.14/site-packages/torch/nn/modules/module.py", line 1776, in _wrapped_call_impl
    return self._call_impl(*args, **kwargs)
           ~~~~~~~~~~~~~~~^^^^^^^^^^^^^^^^^
  File ".venv/lib/python3.14/site-packages/torch/nn/modules/module.py", line 1787, in _call_impl
    return forward_call(*args, **kwargs)
  File ".venv/lib/python3.14/site-packages/torchcfm/models/unet/unet.py", line 211, in forward
    return checkpoint(self._forward, (x, emb), self.parameters(), self.use_checkpoint)
  File ".venv/lib/python3.14/site-packages/torchcfm/models/unet/nn.py", line 122, in checkpoint
    return func(*inputs)
  File ".venv/lib/python3.14/site-packages/torchcfm/models/unet/unet.py", line 221, in _forward
    h = self.in_layers(x)
  File ".venv/lib/python3.14/site-packages/torch/nn/modules/module.py", line 1776, in _wrapped_call_impl
    return self._call_impl(*args, **kwargs)
           ~~~~~~~~~~~~~~~^^^^^^^^^^^^^^^^^
  File ".venv/lib/python3.14/site-packages/torch/nn/modules/module.py", line 1787, in _call_impl
    return forward_call(*args, **kwargs)
  File ".venv/lib/python3.14/site-packages/torch/nn/modules/container.py", line 253, in forward
    input = module(input)
  File ".venv/lib/python3.14/site-packages/torch/nn/modules/module.py", line 1776, in _wrapped_call_impl
    return self._call_impl(*args, **kwargs)
           ~~~~~~~~~~~~~~~^^^^^^^^^^^^^^^^^
  File ".venv/lib/python3.14/site-packages/torch/nn/modules/module.py", line 1787, in _call_impl
    return forward_call(*args, **kwargs)
  File ".venv/lib/python3.14/site-packages/torchcfm/models/unet/nn.py", line 17, in forward
    return super().forward(x.float()).type(x.dtype)
           ~~~~~~~~~~~~~~~^^^^^^^^^^^
  File ".venv/lib/python3.14/site-packages/torch/nn/modules/normalization.py", line 327, in forward
    return F.group_norm(input, self.num_groups, self.weight, self.bias, self.eps)
           ~~~~~~~~~~~~^^^^^^^^^^^^^^^^^^^^^^^^^^^^^^^^^^^^^^^^^^^^^^^^^^^^^^^^^^
  File ".venv/lib/python3.14/site-packages/torch/nn/functional.py", line 2990, in group_norm
    return torch.group_norm(
           ~~~~~~~~~~~~~~~~^
        input, num_groups, weight, bias, eps, torch.backends.cudnn.enabled
        ^^^^^^^^^^^^^^^^^^^^^^^^^^^^^^^^^^^^^^^^^^^^^^^^^^^^^^^^^^^^^^^^^^
    )
    ^
RuntimeError: mixed dtype (CPU): expect parameter to have scalar type of Float
######## (b) fp32, beta raised at small gamma ########
==== gamma=0.003 ====
     type  lam  K_h  T_f  T_n  beta    dt  3ph |   |g_ep|  cos_ffn  cost
   linear  1.0    1   14    6  30.0   1.0    1 |   2.4281  -0.8887    52
   linear  1.0    1   14    6 100.0   1.0    1 |   2.3651  -0.8923    52
   linear  1.0    1   14    6 300.0   1.0    1 |   2.3675  -0.8925    52
   linear  1.0    1   14    6 1000.0   1.0    1 |   2.3763  -0.8924    52
   linear  1.0    1   14    6 3000.0   1.0    1 |   2.3738  -0.8926    52
=== cheapest config with cos_ffn > 0.99, per nudge type ===
     linear: NONE reached 0.99; best cos=-0.8887 at lam=1.0 K_h=1 T_free=14 T_nudge=6 beta=30.0 dt=1.0 3ph=1 (raise budget or revisit gamma)
==== gamma=0.01 ====
     type  lam  K_h  T_f  T_n  beta    dt  3ph |   |g_ep|  cos_ffn  cost
   linear  1.0    1   14    6  30.0   1.0    1 |   0.4465   0.9153    52
   linear  1.0    1   14    6 100.0   1.0    1 |   0.4121   0.9381    52
   linear  1.0    1   14    6 300.0   1.0    1 |   0.4197   0.9331    52
   linear  1.0    1   14    6 1000.0   1.0    1 |   0.4158   0.9358    52
   linear  1.0    1   14    6 3000.0   1.0    1 |   0.4153   0.9352    52
=== cheapest config with cos_ffn > 0.99, per nudge type ===
     linear: NONE reached 0.99; best cos=0.9381 at lam=1.0 K_h=1 T_free=14 T_nudge=6 beta=100.0 dt=1.0 3ph=1 (raise budget or revisit gamma)
==== gamma=0.03 ====
     type  lam  K_h  T_f  T_n  beta    dt  3ph |   |g_ep|  cos_ffn  cost
   linear  1.0    1   14    6  30.0   1.0    1 |   0.4952   0.9928    52
   linear  1.0    1   14    6 100.0   1.0    1 |   0.4853   0.9996    52
   linear  1.0    1   14    6 300.0   1.0    1 |   0.4836   0.9995    52
   linear  1.0    1   14    6 1000.0   1.0    1 |   0.4836   0.9997    52
   linear  1.0    1   14    6 3000.0   1.0    1 |   0.4733   0.9976    52
=== cheapest config with cos_ffn > 0.99, per nudge type ===
     linear: lam=1.0 K_h=1 T_free=14 T_nudge=6 beta=1000.0 dt=1.0 3ph=1 -> cos=0.9997, cost=52
Exit code: 0
